Component: ARM Compiler 5.06 update 7 (build 960) Tool: armlink [4d3601]

==============================================================================

Section Cross References

    startup_stm32f103xb.o(STACK) refers (Special) to heapauxi.o(.text) for __use_two_region_memory
    startup_stm32f103xb.o(HEAP) refers (Special) to heapauxi.o(.text) for __use_two_region_memory
    startup_stm32f103xb.o(RESET) refers (Special) to heapauxi.o(.text) for __use_two_region_memory
    startup_stm32f103xb.o(RESET) refers to startup_stm32f103xb.o(STACK) for __initial_sp
    startup_stm32f103xb.o(RESET) refers to startup_stm32f103xb.o(.text) for Reset_Handler
    startup_stm32f103xb.o(RESET) refers to stm32f1xx_it.o(i.NMI_Handler) for NMI_Handler
    startup_stm32f103xb.o(RESET) refers to stm32f1xx_it.o(i.HardFault_Handler) for HardFault_Handler
    startup_stm32f103xb.o(RESET) refers to stm32f1xx_it.o(i.MemManage_Handler) for MemManage_Handler
    startup_stm32f103xb.o(RESET) refers to stm32f1xx_it.o(i.BusFault_Handler) for BusFault_Handler
    startup_stm32f103xb.o(RESET) refers to stm32f1xx_it.o(i.UsageFault_Handler) for UsageFault_Handler
    startup_stm32f103xb.o(RESET) refers to stm32f1xx_it.o(i.SVC_Handler) for SVC_Handler
    startup_stm32f103xb.o(RESET) refers to stm32f1xx_it.o(i.DebugMon_Handler) for DebugMon_Handler
    startup_stm32f103xb.o(RESET) refers to stm32f1xx_it.o(i.PendSV_Handler) for PendSV_Handler
    startup_stm32f103xb.o(RESET) refers to stm32f1xx_it.o(i.SysTick_Handler) for SysTick_Handler
    startup_stm32f103xb.o(.text) refers (Special) to heapauxi.o(.text) for __use_two_region_memory
    startup_stm32f103xb.o(.text) refers to system_stm32f1xx.o(i.SystemInit) for SystemInit
    startup_stm32f103xb.o(.text) refers to __main.o(!!!main) for __main
    startup_stm32f103xb.o(.text) refers to startup_stm32f103xb.o(HEAP) for Heap_Mem
    startup_stm32f103xb.o(.text) refers to startup_stm32f103xb.o(STACK) for Stack_Mem
    main.o(i.SystemClock_Config) refers to rt_memclr_w.o(.text) for __aeabi_memclr4
    main.o(i.SystemClock_Config) refers to stm32f1xx_hal_rcc.o(i.HAL_RCC_OscConfig) for HAL_RCC_OscConfig
    main.o(i.SystemClock_Config) refers to stm32f1xx_hal_rcc.o(i.HAL_RCC_ClockConfig) for HAL_RCC_ClockConfig
    main.o(i.main) refers to stm32f1xx_hal.o(i.HAL_Init) for HAL_Init
    main.o(i.main) refers to main.o(i.SystemClock_Config) for SystemClock_Config
    main.o(i.main) refers to gpio.o(i.MX_GPIO_Init) for MX_GPIO_Init
    main.o(i.main) refers to spi.o(i.MX_SPI1_Init) for MX_SPI1_Init
    main.o(i.main) refers to tim.o(i.MX_TIM1_Init) for MX_TIM1_Init
    main.o(i.main) refers to stm32f1xx_hal_tim.o(i.HAL_TIM_Base_Start_IT) for HAL_TIM_Base_Start_IT
    main.o(i.main) refers to mymain.o(i.setup) for setup
    main.o(i.main) refers to mymain.o(i.loop) for loop
    main.o(i.main) refers to tim.o(.bss) for htim1
    gpio.o(i.MX_GPIO_Init) refers to stm32f1xx_hal_gpio.o(i.HAL_GPIO_WritePin) for HAL_GPIO_WritePin
    gpio.o(i.MX_GPIO_Init) refers to stm32f1xx_hal_gpio.o(i.HAL_GPIO_Init) for HAL_GPIO_Init
    spi.o(i.HAL_SPI_MspDeInit) refers to stm32f1xx_hal_gpio.o(i.HAL_GPIO_DeInit) for HAL_GPIO_DeInit
    spi.o(i.HAL_SPI_MspInit) refers to stm32f1xx_hal_gpio.o(i.HAL_GPIO_Init) for HAL_GPIO_Init
    spi.o(i.MX_SPI1_Init) refers to stm32f1xx_hal_spi.o(i.HAL_SPI_Init) for HAL_SPI_Init
    spi.o(i.MX_SPI1_Init) refers to main.o(i.Error_Handler) for Error_Handler
    spi.o(i.MX_SPI1_Init) refers to spi.o(.bss) for .bss
    tim.o(i.HAL_TIM_PeriodElapsedCallback) refers to menu.o(i.MenuTicker_ms) for MenuTicker_ms
    tim.o(i.MX_TIM1_Init) refers to stm32f1xx_hal_tim.o(i.HAL_TIM_Base_Init) for HAL_TIM_Base_Init
    tim.o(i.MX_TIM1_Init) refers to main.o(i.Error_Handler) for Error_Handler
    tim.o(i.MX_TIM1_Init) refers to stm32f1xx_hal_tim.o(i.HAL_TIM_ConfigClockSource) for HAL_TIM_ConfigClockSource
    tim.o(i.MX_TIM1_Init) refers to stm32f1xx_hal_tim_ex.o(i.HAL_TIMEx_MasterConfigSynchronization) for HAL_TIMEx_MasterConfigSynchronization
    tim.o(i.MX_TIM1_Init) refers to tim.o(.bss) for .bss
    stm32f1xx_it.o(i.SysTick_Handler) refers to stm32f1xx_hal.o(i.HAL_IncTick) for HAL_IncTick
    stm32f1xx_hal_spi.o(i.HAL_SPI_Abort) refers to stm32f1xx_hal_dma.o(i.HAL_DMA_Abort) for HAL_DMA_Abort
    stm32f1xx_hal_spi.o(i.HAL_SPI_Abort) refers to system_stm32f1xx.o(.data) for SystemCoreClock
    stm32f1xx_hal_spi.o(i.HAL_SPI_Abort) refers to stm32f1xx_hal_spi.o(i.SPI_AbortTx_ISR) for SPI_AbortTx_ISR
    stm32f1xx_hal_spi.o(i.HAL_SPI_Abort) refers to stm32f1xx_hal_spi.o(i.SPI_AbortRx_ISR) for SPI_AbortRx_ISR
    stm32f1xx_hal_spi.o(i.HAL_SPI_Abort_IT) refers to stm32f1xx_hal_dma.o(i.HAL_DMA_Abort_IT) for HAL_DMA_Abort_IT
    stm32f1xx_hal_spi.o(i.HAL_SPI_Abort_IT) refers to stm32f1xx_hal_spi.o(i.HAL_SPI_AbortCpltCallback) for HAL_SPI_AbortCpltCallback
    stm32f1xx_hal_spi.o(i.HAL_SPI_Abort_IT) refers to system_stm32f1xx.o(.data) for SystemCoreClock
[...]
    locale$$data                             0x080053c0   Section       28  lc_numeric_c.o(locale$$data)
    __lcnum_c_name                           0x080053c4   Data           2  lc_numeric_c.o(locale$$data)
    __lcnum_c_start                          0x080053cc   Data           0  lc_numeric_c.o(locale$$data)
    __lcnum_c_point                          0x080053d8   Data           0  lc_numeric_c.o(locale$$data)
    __lcnum_c_thousands                      0x080053da   Data           0  lc_numeric_c.o(locale$$data)
    __lcnum_c_grouping                       0x080053db   Data           0  lc_numeric_c.o(locale$$data)
    locale$$data                             0x080053dc   Section      272  lc_ctype_c.o(locale$$data)
    __lcnum_c_end                            0x080053dc   Data           0  lc_numeric_c.o(locale$$data)
    __lcctype_c_name                         0x080053e0   Data           2  lc_ctype_c.o(locale$$data)
    __lcctype_c_start                        0x080053e8   Data           0  lc_ctype_c.o(locale$$data)
    __lcctype_c_end                          0x080054ec   Data           0  lc_ctype_c.o(locale$$data)
    .data                                    0x20000000   Section       12  stm32f1xx_hal.o(.data)
    .data                                    0x2000000c   Section        4  system_stm32f1xx.o(.data)
    .data                                    0x20000010   Section      160  menu.o(.data)
    MesSIF                                   0x20000010   Data           1  menu.o(.data)
    menuChangemes                            0x20000016   Data           1  menu.o(.data)
    menuChangeFlag                           0x20000017   Data           1  menu.o(.data)
    RefreshFlagForHeart                      0x20000019   Data           1  menu.o(.data)
    adcstate                                 0x2000001a   Data           1  menu.o(.data)
    KeySt                                    0x2000001b   Data           1  menu.o(.data)
    menuChange                               0x20000020   Data           4  menu.o(.data)
    MentListInitTarget                       0x20000024   Data           4  menu.o(.data)
    MenuOverallPointer                       0x20000028   Data           4  menu.o(.data)
    lastmenuheard                            0x2000002c   Data           4  menu.o(.data)
    lastshowmenuheard                        0x20000030   Data           4  menu.o(.data)
    y_pid                                    0x20000050   Data          24  menu.o(.data)
    x_pid                                    0x20000068   Data          24  menu.o(.data)
    w_pid                                    0x20000080   Data          24  menu.o(.data)
    h_pid                                    0x20000098   Data          24  menu.o(.data)
    .data                                    0x200000b0   Section        4  menu_tool.o(.data)
    .data                                    0x200000b4   Section       88  menu_tool.o(.data)
    couhIsNULL                               0x200000b4   Data           1  menu_tool.o(.data)
    FTrigFlag                                0x200000b5   Data           1  menu_tool.o(.data)
    cushMesData                              0x200000b8   Data           4  menu_tool.o(.data)
    FunctionTickerPointer                    0x200000bc   Data           4  menu_tool.o(.data)
    KeyListHeart                             0x200000c0   Data           4  menu_tool.o(.data)
    pid                                      0x200000c4   Data          24  menu_tool.o(.data)
    pid                                      0x200000dc   Data          24  menu_tool.o(.data)
    pid                                      0x200000f4   Data          24  menu_tool.o(.data)
    .data                                    0x2000010c   Section       36  menufontshow.o(.data)
    fontchangeflag                           0x2000010c   Data           1  menufontshow.o(.data)
    stoprecive                               0x2000010d   Data           1  menufontshow.o(.data)
    isHexFlag                                0x2000010e   Data           1  menufontshow.o(.data)
    NumPicZf_x                               0x20000110   Data           2  menufontshow.o(.data)
    NumPicZf_y                               0x20000112   Data           2  menufontshow.o(.data)
    SerialstartShow                          0x20000116   Data           2  menufontshow.o(.data)
    MenuSerialShowP                          0x20000118   Data           2  menufontshow.o(.data)
    font                                     0x2000011c   Data           4  menufontshow.o(.data)
    NumPic                                   0x20000124   Data           4  menufontshow.o(.data)
    NUmPicSize                               0x20000128   Data           4  menufontshow.o(.data)
    MenuSerialShowPPos                       0x2000012c   Data           4  menufontshow.o(.data)
    .bss                                     0x20000130   Section       88  spi.o(.bss)
    .bss                                     0x20000188   Section       72  tim.o(.bss)
    .bss                                     0x200001d0   Section     1040  menu.o(.bss)
    MenuKey                                  0x200005d0   Data          16  menu.o(.bss)
    .bss                                     0x200005e0   Section       52  menuconfig.o(.bss)
    .bss                                     0x20000614   Section      278  menufontshow.o(.bss)
    MenuSerialBuf                            0x20000614   Data         106  menufontshow.o(.bss)
    fontinfo                                 0x2000067e   Data          12  menufontshow.o(.bss)
    fontinfo                                 0x2000068a   Data          12  menufontshow.o(.bss)
    fontinfo                                 0x20000696   Data          12  menufontshow.o(.bss)
    fontinfo                                 0x200006a2   Data          12  menufontshow.o(.bss)
    fontinfo                                 0x200006ae   Data          12  menufontshow.o(.bss)
    fontinfo                                 0x200006ba   Data          12  menufontshow.o(.bss)
    PRINTF_BUFF                              0x200006c6   Data         100  menufontshow.o(.bss)
    .bss                                     0x2000072c   Section       96  libspace.o(.bss)
    HEAP                                     0x20000790   Section      512  startup_stm32f103xb.o(HEAP)
    Heap_Mem                                 0x20000790   Data         512  startup_stm32f103xb.o(HEAP)
    STACK                                    0x20000990   Section     1024  startup_stm32f103xb.o(STACK)
    Stack_Mem                                0x20000990   Data        1024  startup_stm32f103xb.o(STACK)
    __initial_sp                             0x20000d90   Data           0  startup_stm32f103xb.o(STACK)

    Global Symbols

    Symbol Name                              Value     Ov Type        Size  Object(Section)

    BuildAttributes$$THM_ISAv4$P$D$K$B$S$PE$A:L22UL41UL21$X:L11$S22US41US21$IEEE1$IW$USESV6$~STKCKD$USESV7$~SHL$OTIME$ROPI$IEEEX$EBA8$UX$STANDARDLIB$REQ8$PRES8$EABIv2 0x00000000   Number         0  anon$$obj.o ABSOLUTE
    __ARM_use_no_argv                        0x00000000   Number         0  main.o ABSOLUTE
    _printf_flags                            0x00000000   Number         0  printf_stubs.o ABSOLUTE
    _printf_return_value                     0x00000000   Number         0  printf_stubs.o ABSOLUTE
    _printf_sizespec                         0x00000000   Number         0  printf_stubs.o ABSOLUTE
    _printf_widthprec                        0x00000000   Number         0  printf_stubs.o ABSOLUTE
    __ARM_exceptions_init                     - Undefined Weak Reference
    __alloca_initialize                       - Undefined Weak Reference
    __arm_fini_                               - Undefined Weak Reference
    __arm_preinit_                            - Undefined Weak Reference
    __cpp_initialize__aeabi_                  - Undefined Weak Reference
    __cxa_finalize                            - Undefined Weak Reference
    __sigvec_lookup                           - Undefined Weak Reference
    __user_heap_extent                        - Undefined Weak Reference
    _atexit_init                              - Undefined Weak Reference
    _call_atexit_fns                          - Undefined Weak Reference
    _clock_init                               - Undefined Weak Reference
    _fp_trap_init                             - Undefined Weak Reference
    _fp_trap_shutdown                         - Undefined Weak Reference
    _get_lc_collate                           - Undefined Weak Reference
    _get_lc_monetary                          - Undefined Weak Reference
    _get_lc_time                              - Undefined Weak Reference
    _getenv_init                              - Undefined Weak Reference
    _handle_redirection                       - Undefined Weak Reference
    _initio                                   - Undefined Weak Reference
    _mutex_acquire                            - Undefined Weak Reference
    _mutex_free                               - Undefined Weak Reference
    _mutex_release                            - Undefined Weak Reference
    _printf_mbtowc                            - Undefined Weak Reference
    _printf_wc                                - Undefined Weak Reference
    _rand_init                                - Undefined Weak Reference
    _signal_finish                            - Undefined Weak Reference
    _signal_init                              - Undefined Weak Reference
    _terminateio                              - Undefined Weak Reference
    __Vectors_Size                           0x000000ec   Number         0  startup_stm32f103xb.o ABSOLUTE
    __Vectors                                0x08000000   Data           4  startup_stm32f103xb.o(RESET)
    __Vectors_End                            0x080000ec   Data           0  startup_stm32f103xb.o(RESET)
    __main                                   0x080000ed   Thumb Code     8  __main.o(!!!main)
    __scatterload                            0x080000f5   Thumb Code     0  __scatter.o(!!!scatter)
    __scatterload_rt2                        0x080000f5   Thumb Code    44  __scatter.o(!!!scatter)
    __scatterload_rt2_thumb_only             0x080000f5   Thumb Code     0  __scatter.o(!!!scatter)
    __scatterload_null                       0x08000103   Thumb Code     0  __scatter.o(!!!scatter)
    __decompress                             0x08000129   Thumb Code    90  __dczerorl2.o(!!dczerorl2)
    __decompress1                            0x08000129   Thumb Code     0  __dczerorl2.o(!!dczerorl2)
    __scatterload_zeroinit                   0x08000185   Thumb Code    28  __scatter_zi.o(!!handler_zi)
    _printf_n                                0x080001a1   Thumb Code     0  _printf_n.o(.ARM.Collect$$_printf_percent$$00000001)
    _printf_percent                          0x080001a1   Thumb Code     0  _printf_percent.o(.ARM.Collect$$_printf_percent$$00000000)
    _printf_p                                0x080001a7   Thumb Code     0  _printf_p.o(.ARM.Collect$$_printf_percent$$00000002)
    _printf_f                                0x080001ad   Thumb Code     0  _printf_f.o(.ARM.Collect$$_printf_percent$$00000003)
    _printf_e                                0x080001b3   Thumb Code     0  _printf_e.o(.ARM.Collect$$_printf_percent$$00000004)
    _printf_g                                0x080001b9   Thumb Code     0  _printf_g.o(.ARM.Collect$$_printf_percent$$00000005)
    _printf_a                                0x080001bf   Thumb Code     0  _printf_a.o(.ARM.Collect$$_printf_percent$$00000006)
    _printf_ll                               0x080001c5   Thumb Code     0  _printf_ll.o(.ARM.Collect$$_printf_percent$$00000007)
    _printf_i                                0x080001cf   Thumb Code     0  _printf_i.o(.ARM.Collect$$_printf_percent$$00000008)
    _printf_d                                0x080001d5   Thumb Code     0  _printf_d.o(.ARM.Collect$$_printf_percent$$00000009)
    _printf_u                                0x080001db   Thumb Code     0  _printf_u.o(.ARM.Collect$$_printf_percent$$0000000A)
    _printf_o                                0x080001e1   Thumb Code     0  _printf_o.o(.ARM.Collect$$_printf_percent$$0000000B)
    _printf_x                                0x080001e7   Thumb Code     0  _printf_x.o(.ARM.Collect$$_printf_percent$$0000000C)
    _printf_lli                              0x080001ed   Thumb Code     0  _printf_lli.o(.ARM.Collect$$_printf_percent$$0000000D)
    _printf_lld                              0x080001f3   Thumb Code     0  _printf_lld.o(.ARM.Collect$$_printf_percent$$0000000E)
    _printf_llu                              0x080001f9   Thumb Code     0  _printf_llu.o(.ARM.Collect$$_printf_percent$$0000000F)
    _printf_llo                              0x080001ff   Thumb Code     0  _printf_llo.o(.ARM.Collect$$_printf_percent$$00000010)
    _printf_llx                              0x08000205   Thumb Code     0  _printf_llx.o(.ARM.Collect$$_printf_percent$$00000011)
    _printf_l                                0x0800020b   Thumb Code     0  _printf_l.o(.ARM.Collect$$_printf_percent$$00000012)
    _printf_c                                0x08000215   Thumb Code     0  _printf_c.o(.ARM.Collect$$_printf_percent$$00000013)
    _printf_s                                0x0800021b   Thumb Code     0  _printf_s.o(.ARM.Collect$$_printf_percent$$00000014)
    _printf_lc                               0x08000221   Thumb Code     0  _printf_lc.o(.ARM.Collect$$_printf_percent$$00000015)
    _printf_ls                               0x08000227   Thumb Code     0  _printf_ls.o(.ARM.Collect$$_printf_percent$$00000016)
    _printf_percent_end                      0x0800022d   Thumb Code     0  _printf_percent_end.o(.ARM.Collect$$_printf_percent$$00000017)
    __rt_lib_init                            0x08000231   Thumb Code     0  libinit.o(.ARM.Collect$$libinit$$00000000)
    __rt_lib_init_fp_1                       0x08000233   Thumb Code     0  libinit2.o(.ARM.Collect$$libinit$$00000002)
    __rt_lib_init_heap_2                     0x08000233   Thumb Code     0  libinit2.o(.ARM.Collect$$libinit$$00000005)
    __rt_lib_init_preinit_1                  0x08000233   Thumb Code     0  libinit2.o(.ARM.Collect$$libinit$$00000004)
    __rt_lib_init_heap_1                     0x0800023b   Thumb Code     0  libinit2.o(.ARM.Collect$$libinit$$0000000A)
    __rt_lib_init_lc_common                  0x0800023b   Thumb Code     0  libinit2.o(.ARM.Collect$$libinit$$0000000F)
    __rt_lib_init_rand_1                     0x0800023b   Thumb Code     0  libinit2.o(.ARM.Collect$$libinit$$0000000E)
    __rt_lib_init_user_alloc_1               0x0800023b   Thumb Code     0  libinit2.o(.ARM.Collect$$libinit$$0000000C)
    __rt_lib_init_lc_collate_1               0x08000241   Thumb Code     0  libinit2.o(.ARM.Collect$$libinit$$00000011)
    __rt_lib_init_lc_ctype_2                 0x08000241   Thumb Code     0  libinit2.o(.ARM.Collect$$libinit$$00000012)
    __rt_lib_init_lc_ctype_1                 0x0800024d   Thumb Code     0  libinit2.o(.ARM.Collect$$libinit$$00000013)
    __rt_lib_init_lc_monetary_1              0x0800024d   Thumb Code     0  libinit2.o(.ARM.Collect$$libinit$$00000015)
    __rt_lib_init_lc_numeric_2               0x0800024d   Thumb Code     0  libinit2.o(.ARM.Collect$$libinit$$00000016)
    __rt_lib_init_alloca_1                   0x08000257   Thumb Code     0  libinit2.o(.ARM.Collect$$libinit$$0000002E)
    __rt_lib_init_argv_1                     0x08000257   Thumb Code     0  libinit2.o(.ARM.Collect$$libinit$$0000002C)
    __rt_lib_init_atexit_1                   0x08000257   Thumb Code     0  libinit2.o(.ARM.Collect$$libinit$$0000001B)
    __rt_lib_init_clock_1                    0x08000257   Thumb Code     0  libinit2.o(.ARM.Collect$$libinit$$00000021)
    __rt_lib_init_cpp_1                      0x08000257   Thumb Code     0  libinit2.o(.ARM.Collect$$libinit$$00000032)
    __rt_lib_init_exceptions_1               0x08000257   Thumb Code     0  libinit2.o(.ARM.Collect$$libinit$$00000030)
    __rt_lib_init_fp_trap_1                  0x08000257   Thumb Code     0  libinit2.o(.ARM.Collect$$libinit$$0000001F)
    __rt_lib_init_getenv_1                   0x08000257   Thumb Code     0  libinit2.o(.ARM.Collect$$libinit$$00000023)
    __rt_lib_init_lc_numeric_1               0x08000257   Thumb Code     0  libinit2.o(.ARM.Collect$$libinit$$00000017)
    __rt_lib_init_lc_time_1                  0x08000257   Thumb Code     0  libinit2.o(.ARM.Collect$$libinit$$00000019)
    __rt_lib_init_return                     0x08000257   Thumb Code     0  libinit2.o(.ARM.Collect$$libinit$$00000033)
    __rt_lib_init_signal_1                   0x08000257   Thumb Code     0  libinit2.o(.ARM.Collect$$libinit$$0000001D)
    __rt_lib_init_stdio_1                    0x08000257   Thumb Code     0  libinit2.o(.ARM.Collect$$libinit$$00000025)
    __rt_lib_shutdown                        0x08000259   Thumb Code     0  libshutdown.o(.ARM.Collect$$libshutdown$$00000000)
    __rt_lib_shutdown_cpp_1                  0x0800025b   Thumb Code     0  libshutdown2.o(.ARM.Collect$$libshutdown$$00000004)
    __rt_lib_shutdown_fini_1                 0x0800025b   Thumb Code     0  libshutdown2.o(.ARM.Collect$$libshutdown$$00000002)
    __rt_lib_shutdown_fp_trap_1              0x0800025b   Thumb Code     0  libshutdown2.o(.ARM.Collect$$libshutdown$$00000009)
    __rt_lib_shutdown_heap_1                 0x0800025b   Thumb Code     0  libshutdown2.o(.ARM.Collect$$libshutdown$$00000011)
    __rt_lib_shutdown_return                 0x0800025b   Thumb Code     0  libshutdown2.o(.ARM.Collect$$libshutdown$$00000012)
    __rt_lib_shutdown_signal_1               0x0800025b   Thumb Code     0  libshutdown2.o(.ARM.Collect$$libshutdown$$0000000C)
    __rt_lib_shutdown_stdio_1                0x0800025b   Thumb Code     0  libshutdown2.o(.ARM.Collect$$libshutdown$$00000006)
    __rt_lib_shutdown_user_alloc_1           0x0800025b   Thumb Code     0  libshutdown2.o(.ARM.Collect$$libshutdown$$0000000E)
    __rt_entry                               0x0800025d   Thumb Code     0  __rtentry.o(.ARM.Collect$$rtentry$$00000000)
    __rt_entry_presh_1                       0x0800025d   Thumb Code     0  __rtentry2.o(.ARM.Collect$$rtentry$$00000002)
    __rt_entry_sh                            0x0800025d   Thumb Code     0  __rtentry4.o(.ARM.Collect$$rtentry$$00000004)
    __rt_entry_li                            0x08000263   Thumb Code     0  __rtentry2.o(.ARM.Collect$$rtentry$$0000000A)
    __rt_entry_postsh_1                      0x08000263   Thumb Code     0  __rtentry2.o(.ARM.Collect$$rtentry$$00000009)
    __rt_entry_main                          0x08000267   Thumb Code     0  __rtentry2.o(.ARM.Collect$$rtentry$$0000000D)
    __rt_entry_postli_1                      0x08000267   Thumb Code     0  __rtentry2.o(.ARM.Collect$$rtentry$$0000000C)
    __rt_exit                                0x0800026f   Thumb Code     0  rtexit.o(.ARM.Collect$$rtexit$$00000000)
    __rt_exit_ls                             0x08000271   Thumb Code     0  rtexit2.o(.ARM.Collect$$rtexit$$00000003)
    __rt_exit_prels_1                        0x08000271   Thumb Code     0  rtexit2.o(.ARM.Collect$$rtexit$$00000002)
    __rt_exit_exit                           0x08000275   Thumb Code     0  rtexit2.o(.ARM.Collect$$rtexit$$00000004)
    Reset_Handler                            0x0800027d   Thumb Code     8  startup_stm32f103xb.o(.text)
    _maybe_terminate_alloc                   0x0800027d   Thumb Code     0  maybetermalloc1.o(.emb_text)
    ADC1_2_IRQHandler                        0x08000297   Thumb Code     0  startup_stm32f103xb.o(.text)
    CAN1_RX1_IRQHandler                      0x08000297   Thumb Code     0  startup_stm32f103xb.o(.text)
    CAN1_SCE_IRQHandler                      0x08000297   Thumb Code     0  startup_stm32f103xb.o(.text)
    DMA1_Channel1_IRQHandler                 0x08000297   Thumb Code     0  startup_stm32f103xb.o(.text)
    DMA1_Channel2_IRQHandler                 0x08000297   Thumb Code     0  startup_stm32f103xb.o(.text)
    DMA1_Channel3_IRQHandler                 0x08000297   Thumb Code     0  startup_stm32f103xb.o(.text)
    DMA1_Channel4_IRQHandler                 0x08000297   Thumb Code     0  startup_stm32f103xb.o(.text)
    DMA1_Channel5_IRQHandler                 0x08000297   Thumb Code     0  startup_stm32f103xb.o(.text)
    DMA1_Channel6_IRQHandler                 0x08000297   Thumb Code     0  startup_stm32f103xb.o(.text)
    DMA1_Channel7_IRQHandler                 0x08000297   Thumb Code     0  startup_stm32f103xb.o(.text)
    EXTI0_IRQHandler                         0x08000297   Thumb Code     0  startup_stm32f103xb.o(.text)
    EXTI15_10_IRQHandler                     0x08000297   Thumb Code     0  startup_stm32f103xb.o(.text)
    EXTI1_IRQHandler                         0x08000297   Thumb Code     0  startup_stm32f103xb.o(.text)
    EXTI2_IRQHandler                         0x08000297   Thumb Code     0  startup_stm32f103xb.o(.text)
    EXTI3_IRQHandler                         0x08000297   Thumb Code     0  startup_stm32f103xb.o(.text)
    EXTI4_IRQHandler                         0x08000297   Thumb Code     0  startup_stm32f103xb.o(.text)
    EXTI9_5_IRQHandler                       0x08000297   Thumb Code     0  startup_stm32f103xb.o(.text)
    FLASH_IRQHandler                         0x08000297   Thumb Code     0  startup_stm32f103xb.o(.text)
    I2C1_ER_IRQHandler                       0x08000297   Thumb Code     0  startup_stm32f103xb.o(.text)
    I2C1_EV_IRQHandler                       0x08000297   Thumb Code     0  startup_stm32f103xb.o(.text)
    I2C2_ER_IRQHandler                       0x08000297   Thumb Code     0  startup_stm32f103xb.o(.text)
    I2C2_EV_IRQHandler                       0x08000297   Thumb Code     0  startup_stm32f103xb.o(.text)
    PVD_IRQHandler                           0x08000297   Thumb Code     0  startup_stm32f103xb.o(.text)
    RCC_IRQHandler                           0x08000297   Thumb Code     0  startup_stm32f103xb.o(.text)
    RTC_Alarm_IRQHandler                     0x08000297   Thumb Code     0  startup_stm32f103xb.o(.text)
    RTC_IRQHandler                           0x08000297   Thumb Code     0  startup_stm32f103xb.o(.text)
    SPI1_IRQHandler                          0x08000297   Thumb Code     0  startup_stm32f103xb.o(.text)
    SPI2_IRQHandler                          0x08000297   Thumb Code     0  startup_stm32f103xb.o(.text)
    TAMPER_IRQHandler                        0x08000297   Thumb Code     0  startup_stm32f103xb.o(.text)
    TIM1_BRK_IRQHandler                      0x08000297   Thumb Code     0  startup_stm32f103xb.o(.text)
    TIM1_CC_IRQHandler                       0x08000297   Thumb Code     0  startup_stm32f103xb.o(.text)
    TIM1_TRG_COM_IRQHandler                  0x08000297   Thumb Code     0  startup_stm32f103xb.o(.text)
    TIM1_UP_IRQHandler                       0x08000297   Thumb Code     0  startup_stm32f103xb.o(.text)
    TIM2_IRQHandler                          0x08000297   Thumb Code     0  startup_stm32f103xb.o(.text)
    TIM3_IRQHandler                          0x08000297   Thumb Code     0  startup_stm32f103xb.o(.text)
    TIM4_IRQHandler                          0x08000297   Thumb Code     0  startup_stm32f103xb.o(.text)
    USART1_IRQHandler                        0x08000297   Thumb Code     0  startup_stm32f103xb.o(.text)
    USART2_IRQHandler                        0x08000297   Thumb Code     0  startup_stm32f103xb.o(.text)
    USART3_IRQHandler                        0x08000297   Thumb Code     0  startup_stm32f103xb.o(.text)
    USBWakeUp_IRQHandler                     0x08000297   Thumb Code     0  startup_stm32f103xb.o(.text)
    USB_HP_CAN1_TX_IRQHandler                0x08000297   Thumb Code     0  startup_stm32f103xb.o(.text)
    USB_LP_CAN1_RX0_IRQHandler               0x08000297   Thumb Code     0  startup_stm32f103xb.o(.text)
    WWDG_IRQHandler                          0x08000297   Thumb Code     0  startup_stm32f103xb.o(.text)
    __user_initial_stackheap                 0x08000299   Thumb Code     0  startup_stm32f103xb.o(.text)
    malloc                                   0x080002bd   Thumb Code    94  h1_alloc.o(.text)
    vsnprintf                                0x0800031d   Thumb Code    48  vsnprintf.o(.text)
    __aeabi_memclr4                          0x08000351   Thumb Code     0  rt_memclr_w.o(.text)
    __aeabi_memclr8                          0x08000351   Thumb Code     0  rt_memclr_w.o(.text)
    __rt_memclr_w                            0x08000351   Thumb Code    78  rt_memclr_w.o(.text)
    _memset_w                                0x08000355   Thumb Code     0  rt_memclr_w.o(.text)
    __use_two_region_memory                  0x0800039f   Thumb Code     2  heapauxi.o(.text)
    __rt_heap_escrow                         0x080003a1   Thumb Code     2  heapauxi.o(.text)
    __rt_heap_expand                         0x080003a3   Thumb Code     2  heapauxi.o(.text)
    __rt_heap_descriptor                     0x080003a5   Thumb Code     8  rt_heap_descriptor_intlibspace.o(.text)
    __use_no_heap                            0x080003ad   Thumb Code     2  hguard.o(.text)
    __heap$guard                             0x080003af   Thumb Code     2  hguard.o(.text)
    _terminate_user_alloc                    0x080003b1   Thumb Code     2  init_alloc.o(.text)
    _init_user_alloc                         0x080003b3   Thumb Code     2  init_alloc.o(.text)
    __Heap_Full                              0x080003b5   Thumb Code    34  init_alloc.o(.text)
    __Heap_Broken                            0x080003d7   Thumb Code     6  init_alloc.o(.text)
    _init_alloc                              0x080003dd   Thumb Code    94  init_alloc.o(.text)
    __Heap_Initialize                        0x0800043b   Thumb Code    10  h1_init.o(.text)
    __Heap_DescSize                          0x08000445   Thumb Code     4  h1_init.o(.text)
    free                                     0x08000449   Thumb Code    78  h1_free.o(.text)
    _printf_pre_padding                      0x08000497   Thumb Code    44  _printf_pad.o(.text)
    _printf_post_padding                     0x080004c3   Thumb Code    34  _printf_pad.o(.text)
    _printf_truncate_signed                  0x080004e5   Thumb Code    18  _printf_truncate.o(.text)
    _printf_truncate_unsigned                0x080004f7   Thumb Code    18  _printf_truncate.o(.text)
    _printf_str                              0x08000509   Thumb Code    82  _printf_str.o(.text)
    _printf_int_dec                          0x0800055d   Thumb Code   104  _printf_dec.o(.text)
    _printf_charcount                        0x080005d5   Thumb Code    40  _printf_charcount.o(.text)
    _printf_char_common                      0x08000607   Thumb Code    32  _printf_char_common.o(.text)
    _sputc                                   0x0800062d   Thumb Code    10  _sputc.o(.text)
    _snputc                                  0x08000637   Thumb Code    16  _snputc.o(.text)
    _printf_wctomb                           0x08000649   Thumb Code   182  _printf_wctomb.o(.text)
    _printf_longlong_dec                     0x08000705   Thumb Code   108  _printf_longlong_dec.o(.text)
    _printf_longlong_oct                     0x08000781   Thumb Code    66  _printf_oct_int_ll.o(.text)
    _printf_int_oct                          0x080007c3   Thumb Code    24  _printf_oct_int_ll.o(.text)
    _printf_ll_oct                           0x080007db   Thumb Code    12  _printf_oct_int_ll.o(.text)
    _printf_longlong_hex                     0x080007f1   Thumb Code    86  _printf_hex_int_ll_ptr.o(.text)
    _printf_int_hex                          0x08000847   Thumb Code    28  _printf_hex_int_ll_ptr.o(.text)
    _printf_ll_hex                           0x08000863   Thumb Code    12  _printf_hex_int_ll_ptr.o(.text)
    _printf_hex_ptr                          0x0800086f   Thumb Code    18  _printf_hex_int_ll_ptr.o(.text)
    __printf                                 0x08000885   Thumb Code   388  __printf_flags_ss_wp.o(.text)
    __user_libspace                          0x08000a0d   Thumb Code     8  libspace.o(.text)
    __user_perproc_libspace                  0x08000a0d   Thumb Code     0  libspace.o(.text)
    __user_perthread_libspace                0x08000a0d   Thumb Code     0  libspace.o(.text)
    __Heap_ProvideMemory                     0x08000a15   Thumb Code    52  h1_extend.o(.text)
    _ll_udiv10                               0x08000a49   Thumb Code   138  lludiv10.o(.text)
    _printf_int_common                       0x08000ad3   Thumb Code   178  _printf_intcommon.o(.text)
    __lib_sel_fp_printf                      0x08000b85   Thumb Code     2  _printf_fp_dec.o(.text)
    _printf_fp_dec_real                      0x08000d37   Thumb Code   620  _printf_fp_dec.o(.text)
    _printf_fp_hex_real                      0x08000fa5   Thumb Code   756  _printf_fp_hex.o(.text)
    _printf_cs_common                        0x080012a1   Thumb Code    20  _printf_char.o(.text)
    _printf_char                             0x080012b5   Thumb Code    16  _printf_char.o(.text)
    _printf_string                           0x080012c5   Thumb Code     8  _printf_char.o(.text)
    _printf_lcs_common                       0x080012cd   Thumb Code    20  _printf_wchar.o(.text)
    _printf_wchar                            0x080012e1   Thumb Code    16  _printf_wchar.o(.text)
    _printf_wstring                          0x080012f1   Thumb Code     8  _printf_wchar.o(.text)
    _wcrtomb                                 0x080012f9   Thumb Code    64  _wcrtomb.o(.text)
    __rt_SIGRTMEM                            0x08001339   Thumb Code    14  defsig_rtmem_outer.o(.text)
    __I$use$semihosting                      0x08001347   Thumb Code     0  use_no_semi.o(.text)
    __use_no_semihosting_swi                 0x08001347   Thumb Code     2  use_no_semi.o(.text)
    __semihosting_library_function           0x08001349   Thumb Code     0  indicate_semi.o(.text)
    __user_setup_stackheap                   0x08001349   Thumb Code    74  sys_stackheap_outer.o(.text)
    __rt_ctype_table                         0x08001395   Thumb Code    16  rt_ctype_table.o(.text)
    __rt_locale                              0x080013a5   Thumb Code     8  rt_locale_intlibspace.o(.text)
    _printf_fp_infnan                        0x080013ad   Thumb Code   112  _printf_fp_infnan.o(.text)
    _btod_etento                             0x0800142d   Thumb Code   224  bigflt0.o(.text)
    exit                                     0x08001511   Thumb Code    18  exit.o(.text)
    __sig_exit                               0x08001523   Thumb Code    10  defsig_exit.o(.text)
    __rt_SIGRTMEM_inner                      0x0800152d   Thumb Code    22  defsig_rtmem_inner.o(.text)
    _sys_exit                                0x0800157d   Thumb Code     8  sys_exit.o(.text)
    __default_signal_display                 0x08001589   Thumb Code    50  defsig_general.o(.text)
    strcmp                                   0x080015bd   Thumb Code   128  strcmpv7m.o(.text)
    _ttywrch                                 0x0800163d   Thumb Code    14  sys_wrch.o(.text)
    _btod_d2e                                0x0800164b   Thumb Code    62  btod.o(CL$$btod_d2e)
    _d2e_denorm_low                          0x08001689   Thumb Code    70  btod.o(CL$$btod_d2e_denorm_low)
    _d2e_norm_op1                            0x080016cf   Thumb Code    96  btod.o(CL$$btod_d2e_norm_op1)
    __btod_div_common                        0x0800172f   Thumb Code   696  btod.o(CL$$btod_div_common)
    _e2e                                     0x08001a67   Thumb Code   220  btod.o(CL$$btod_e2e)
    _btod_ediv                               0x08001b43   Thumb Code    42  btod.o(CL$$btod_ediv)
    _btod_emul                               0x08001b6d   Thumb Code    42  btod.o(CL$$btod_emul)
    __btod_mult_common                       0x08001b97   Thumb Code   580  btod.o(CL$$btod_mult_common)
    AddToFunctionTicker                      0x08001ddb   Thumb Code    34  menu_tool.o(i.AddToFunctionTicker)
    AlwaysRun                                0x08001dfd   Thumb Code     2  menuconfig.o(i.AlwaysRun)
    BusFault_Handler                         0x08001dff   Thumb Code     2  stm32f1xx_it.o(i.BusFault_Handler)
    CharacterText                            0x08001e01   Thumb Code   228  menufontshow.o(i.CharacterText)
    CharacterTextC                           0x08001eed   Thumb Code   308  menufontshow.o(i.CharacterTextC)
    ClearnBuff                               0x08002029   Thumb Code    20  menu.o(i.ClearnBuff)
    ClearnMemory                             0x08002041   Thumb Code    16  menu_tool.o(i.ClearnMemory)
    DebugMon_Handler                         0x0800207b   Thumb Code     2  stm32f1xx_it.o(i.DebugMon_Handler)
    DrawFastVLine                            0x0800207d   Thumb Code    34  graphicalfunctions.o(i.DrawFastVLine)
    DrawFillCircleHelper                     0x0800209f   Thumb Code   156  graphicalfunctions.o(i.DrawFillCircleHelper)
    DrawFillRect                             0x0800213b   Thumb Code    40  graphicalfunctions.o(i.DrawFillRect)
    DrawPicture                              0x08002251   Thumb Code    44  graphicalfunctions.o(i.DrawPicture)
    DrawfillRoundRect                        0x0800227d   Thumb Code    98  graphicalfunctions.o(i.DrawfillRoundRect)
    Error_Handler                            0x080022df   Thumb Code     4  main.o(i.Error_Handler)
    FindMeunListHeard                        0x08002507   Thumb Code    16  menu.o(i.FindMeunListHeard)
    FindMeunListTail                         0x08002517   Thumb Code    22  menu.o(i.FindMeunListTail)
    FunctionTickerRun                        0x0800252d   Thumb Code    42  menu_tool.o(i.FunctionTickerRun)
    GetKeyState                              0x0800255d   Thumb Code    28  menu_tool.o(i.GetKeyState)
    HAL_DMA_Start_IT                         0x08002579   Thumb Code   112  stm32f1xx_hal_dma.o(i.HAL_DMA_Start_IT)
    HAL_Delay                                0x080025e9   Thumb Code    32  stm32f1xx_hal.o(i.HAL_Delay)
    HAL_GPIO_Init                            0x0800260d   Thumb Code   446  stm32f1xx_hal_gpio.o(i.HAL_GPIO_Init)
    HAL_GPIO_WritePin                        0x080027ed   Thumb Code    10  stm32f1xx_hal_gpio.o(i.HAL_GPIO_WritePin)
    HAL_GetTick                              0x080027f9   Thumb Code     6  stm32f1xx_hal.o(i.HAL_GetTick)
    HAL_IncTick                              0x08002805   Thumb Code    12  stm32f1xx_hal.o(i.HAL_IncTick)
    HAL_Init                                 0x08002815   Thumb Code    32  stm32f1xx_hal.o(i.HAL_Init)
    HAL_InitTick                             0x08002839   Thumb Code    54  stm32f1xx_hal.o(i.HAL_InitTick)
    HAL_MspInit                              0x08002879   Thumb Code    52  stm32f1xx_hal_msp.o(i.HAL_MspInit)
    HAL_NVIC_SetPriority                     0x080028b5   Thumb Code    60  stm32f1xx_hal_cortex.o(i.HAL_NVIC_SetPriority)
    HAL_NVIC_SetPriorityGrouping             0x080028f5   Thumb Code    26  stm32f1xx_hal_cortex.o(i.HAL_NVIC_SetPriorityGrouping)
    HAL_RCC_ClockConfig                      0x08002919   Thumb Code   280  stm32f1xx_hal_rcc.o(i.HAL_RCC_ClockConfig)
    HAL_RCC_GetSysClockFreq                  0x08002a45   Thumb Code    58  stm32f1xx_hal_rcc.o(i.HAL_RCC_GetSysClockFreq)
    HAL_RCC_OscConfig                        0x08002a91   Thumb Code   778  stm32f1xx_hal_rcc.o(i.HAL_RCC_OscConfig)
    HAL_SPI_ErrorCallback                    0x08002db1   Thumb Code     2  stm32f1xx_hal_spi.o(i.HAL_SPI_ErrorCallback)
    HAL_SPI_Init                             0x08002db3   Thumb Code   178  stm32f1xx_hal_spi.o(i.HAL_SPI_Init)
    HAL_SPI_MspInit                          0x08002e65   Thumb Code    80  spi.o(i.HAL_SPI_MspInit)
    HAL_SPI_Transmit                         0x08002ec1   Thumb Code   358  stm32f1xx_hal_spi.o(i.HAL_SPI_Transmit)
    HAL_SPI_Transmit_DMA                     0x08003029   Thumb Code   190  stm32f1xx_hal_spi.o(i.HAL_SPI_Transmit_DMA)
    HAL_SPI_TxCpltCallback                   0x080030f5   Thumb Code     2  stm32f1xx_hal_spi.o(i.HAL_SPI_TxCpltCallback)
    HAL_SPI_TxHalfCpltCallback               0x080030f7   Thumb Code     2  stm32f1xx_hal_spi.o(i.HAL_SPI_TxHalfCpltCallback)
    HAL_SYSTICK_Config                       0x080030f9   Thumb Code    40  stm32f1xx_hal_cortex.o(i.HAL_SYSTICK_Config)
    HAL_TIMEx_MasterConfigSynchronization    0x08003121   Thumb Code    92  stm32f1xx_hal_tim_ex.o(i.HAL_TIMEx_MasterConfigSynchronization)
    HAL_TIM_Base_Init                        0x08003189   Thumb Code    90  stm32f1xx_hal_tim.o(i.HAL_TIM_Base_Init)
    HAL_TIM_Base_MspInit                     0x080031e5   Thumb Code    30  tim.o(i.HAL_TIM_Base_MspInit)
    HAL_TIM_Base_Start_IT                    0x0800320d   Thumb Code    76  stm32f1xx_hal_tim.o(i.HAL_TIM_Base_Start_IT)
    HAL_TIM_ConfigClockSource                0x08003265   Thumb Code   220  stm32f1xx_hal_tim.o(i.HAL_TIM_ConfigClockSource)
    HardFault_Handler                        0x08003341   Thumb Code     2  stm32f1xx_it.o(i.HardFault_Handler)
    KeyDisInit                               0x08003345   Thumb Code    54  menu_tool.o(i.KeyDisInit)
    MX_GPIO_Init                             0x080033e9   Thumb Code   136  gpio.o(i.MX_GPIO_Init)
    MX_SPI1_Init                             0x0800347d   Thumb Code    62  spi.o(i.MX_SPI1_Init)
    MX_TIM1_Init                             0x080034c5   Thumb Code    96  tim.o(i.MX_TIM1_Init)
    MemManage_Handler                        0x0800352d   Thumb Code     2  stm32f1xx_it.o(i.MemManage_Handler)
    MenuAlwaysRun_PH                         0x0800352f   Thumb Code     2  menuconfig.o(i.MenuAlwaysRun_PH)
    MenuAlwaysRun_PL                         0x08003531   Thumb Code     2  menuconfig.o(i.MenuAlwaysRun_PL)
    MenuAlwaysRun_PM                         0x08003533   Thumb Code     2  menuconfig.o(i.MenuAlwaysRun_PM)
    MenuInit                                 0x080036a9   Thumb Code    62  menuconfig.o(i.MenuInit)
    MenuListAddressing                       0x080036fd   Thumb Code    30  menu.o(i.MenuListAddressing)
    MenuListShowHead                         0x0800371b   Thumb Code    24  menu.o(i.MenuListShowHead)
    MenuListShowTail                         0x08003733   Thumb Code    28  menu.o(i.MenuListShowTail)
    MenuMalloc                               0x08003751   Thumb Code    22  menu.o(i.MenuMalloc)
    MenuRefresh                              0x0800376d   Thumb Code    20  menu.o(i.MenuRefresh)
    MenuRun                                  0x08003785   Thumb Code   278  menu.o(i.MenuRun)
    MenuSetPoint                             0x080038a5   Thumb Code    54  menu.o(i.MenuSetPoint)
    MenuShowAscStr                           0x08003a79   Thumb Code    80  menufontshow.o(i.MenuShowAscStr)
    MenuSysBaseInit                          0x08003ad1   Thumb Code    28  menu.o(i.MenuSysBaseInit)
    MessageBroadcast                         0x08003af5   Thumb Code    24  menu_tool.o(i.MessageBroadcast)
    NMI_Handler                              0x08003b0d   Thumb Code     2  stm32f1xx_it.o(i.NMI_Handler)
    NextCancheMenuList                       0x08003b0f   Thumb Code    60  menu.o(i.NextCancheMenuList)
    OLED_Init                                0x08003b4d   Thumb Code   346  oled.o(i.OLED_Init)
    PendSV_Handler                           0x08003d0d   Thumb Code     2  stm32f1xx_it.o(i.PendSV_Handler)
    RestFont                                 0x08003db9   Thumb Code    18  menufontshow.o(i.RestFont)
    SVC_Handler                              0x08003f51   Thumb Code     2  stm32f1xx_it.o(i.SVC_Handler)
    SetFunctionTicker                        0x08003f55   Thumb Code    52  menu_tool.o(i.SetFunctionTicker)
    SetMenu                                  0x08003f8d   Thumb Code    94  menu.o(i.SetMenu)
    StringDeal                               0x080041c9   Thumb Code   134  menufontshow.o(i.StringDeal)
    SysTick_Handler                          0x08004259   Thumb Code     4  stm32f1xx_it.o(i.SysTick_Handler)
    SystemClock_Config                       0x0800425d   Thumb Code    94  main.o(i.SystemClock_Config)
    SystemInit                               0x080042bb   Thumb Code     2  system_stm32f1xx.o(i.SystemInit)
    TIM_Base_SetConfig                       0x080042bd   Thumb Code   108  stm32f1xx_hal_tim.o(i.TIM_Base_SetConfig)
    TIM_ETR_SetConfig                        0x08004335   Thumb Code    20  stm32f1xx_hal_tim.o(i.TIM_ETR_SetConfig)
    TandemLevel_PID                          0x0800439f   Thumb Code   290  menu_tool.o(i.TandemLevel_PID)
    UsageFault_Handler                       0x080044c1   Thumb Code     2  stm32f1xx_it.o(i.UsageFault_Handler)
    __ARM_fpclassify                         0x08004505   Thumb Code    40  fpclassify.o(i.__ARM_fpclassify)
    _is_digit                                0x0800454d   Thumb Code    14  __printf_wp.o(i._is_digit)
    cushMes                                  0x0800455d   Thumb Code    16  menu_tool.o(i.cushMes)
    cushMesBro                               0x08004571   Thumb Code    26  menu_tool.o(i.cushMesBro)
    disp_flush                               0x08004591   Thumb Code    48  oled.o(i.disp_flush)
    inScreen                                 0x080045d1   Thumb Code    48  menu.o(i.inScreen)
    loop                                     0x08004601   Thumb Code     4  mymain.o(i.loop)
    m_printf                                 0x08004605   Thumb Code    64  menufontshow.o(i.m_printf)
    main                                     0x08004649   Thumb Code    38  main.o(i.main)
    read_point                               0x08004699   Thumb Code    54  graphicalfunctions.o(i.read_point)
    sMenuListInit                            0x080046d5   Thumb Code    28  menu.o(i.sMenuListInit)
    setup                                    0x080046f5   Thumb Code     4  mymain.o(i.setup)
    write_point                              0x080046f9   Thumb Code    50  graphicalfunctions.o(i.write_point)
    _get_lc_numeric                          0x08004731   Thumb Code    44  lc_numeric_c.o(locale$$code)
    _get_lc_ctype                            0x0800475d   Thumb Code    44  lc_ctype_c.o(locale$$code)
    __aeabi_fadd                             0x08004789   Thumb Code     0  faddsub_clz.o(x$fpl$fadd)
    _fadd                                    0x08004789   Thumb Code   196  faddsub_clz.o(x$fpl$fadd)
    __fpl_fcmp_Inf                           0x0800484d   Thumb Code    24  fcmpi.o(x$fpl$fcmpinf)
    __aeabi_f2iz                             0x08004865   Thumb Code     0  ffix.o(x$fpl$ffix)
    _ffix                                    0x08004865   Thumb Code    54  ffix.o(x$fpl$ffix)
    __aeabi_i2f                              0x0800489d   Thumb Code     0  fflt_clz.o(x$fpl$fflt)
    _fflt                                    0x0800489d   Thumb Code    48  fflt_clz.o(x$fpl$fflt)
    __aeabi_ui2f                             0x080048cd   Thumb Code     0  fflt_clz.o(x$fpl$ffltu)
    _ffltu                                   0x080048cd   Thumb Code    38  fflt_clz.o(x$fpl$ffltu)
    __aeabi_cfcmple                          0x080048f5   Thumb Code     0  fleqf.o(x$fpl$fleqf)
    _fcmple                                  0x080048f5   Thumb Code   104  fleqf.o(x$fpl$fleqf)
    __fpl_fcmple_InfNaN                      0x08004947   Thumb Code     0  fleqf.o(x$fpl$fleqf)
    __aeabi_fmul                             0x0800495d   Thumb Code     0  fmul.o(x$fpl$fmul)
    _fmul                                    0x0800495d   Thumb Code   258  fmul.o(x$fpl$fmul)
    __fpl_fnaninf                            0x08004a5f   Thumb Code   140  fnaninf.o(x$fpl$fnaninf)
    __fpl_fretinf                            0x08004aeb   Thumb Code    10  fretinf.o(x$fpl$fretinf)
    __aeabi_cfrcmple                         0x08004af5   Thumb Code     0  frleqf.o(x$fpl$frleqf)
    _frcmple                                 0x08004af5   Thumb Code    98  frleqf.o(x$fpl$frleqf)
    __aeabi_fsub                             0x08004b59   Thumb Code     0  faddsub_clz.o(x$fpl$fsub)
    _fsub                                    0x08004b59   Thumb Code   234  faddsub_clz.o(x$fpl$fsub)
    _printf_fp_dec                           0x08004c43   Thumb Code     4  printf1.o(x$fpl$printf1)
    _printf_fp_hex                           0x08004c47   Thumb Code     4  printf2.o(x$fpl$printf2)
    __I$use$fp                               0x08004c4a   Number         0  usenofp.o(x$fpl$usenofp)
    AHBPrescTable                            0x08004c5c   Data          16  system_stm32f1xx.o(.constdata)
    F8X16                                    0x08004c6c   Data        1522  oledfont.o(.constdata)
    HZK16x16index                            0x0800525e   Data           5  oledfont.o(.constdata)
    HZK16x16                                 0x08005263   Data          64  oledfont.o(.constdata)
    Region$$Table$$Base                      0x080053a0   Number         0  anon$$obj.o(Region$$Table)
    Region$$Table$$Limit                     0x080053c0   Number         0  anon$$obj.o(Region$$Table)
    __ctype                                  0x080053e9   Data           0  lc_ctype_c.o(locale$$data)
    uwTickFreq                               0x20000000   Data           1  stm32f1xx_hal.o(.data)
    uwTickPrio                               0x20000004   Data           4  stm32f1xx_hal.o(.data)
    uwTick                                   0x20000008   Data           4  stm32f1xx_hal.o(.data)
    SystemCoreClock                          0x2000000c   Data           4  system_stm32f1xx.o(.data)
    StatusInformation                        0x20000011   Data           1  menu.o(.data)
    StatusInformationAlways                  0x20000012   Data           1  menu.o(.data)
    InuptEnable                              0x20000013   Data           1  menu.o(.data)
    ResponseEnable                           0x20000014   Data           1  menu.o(.data)
    GRAPHICSSHOWMANNER                       0x20000015   Data           1  menu.o(.data)
    MenuHeartTimeStart                       0x20000018   Data           1  menu.o(.data)
    MenuMallocSize                           0x2000001c   Data           4  menu.o(.data)
    ScreenPara                               0x20000034   Data           6  menu.o(.data)
    TargetMenuPointrt                        0x2000003c   Data          20  menu.o(.data)
    Message_Key                              0x200000b0   Data           4  menu_tool.o(.data)
    MenuSerialRxNum                          0x20000114   Data           2  menufontshow.o(.data)
    font_SizeInf                             0x20000120   Data           4  menufontshow.o(.data)
    hspi1                                    0x20000130   Data          88  spi.o(.bss)
    htim1                                    0x20000188   Data          72  tim.o(.bss)
    DisplayBuff                              0x200001d0   Data        1024  menu.o(.bss)
    mainMenu                                 0x200005e0   Data          52  menuconfig.o(.bss)
    __libspace_start                         0x2000072c   Data          96  libspace.o(.bss)
    __temporary_stack_top$libspace           0x2000078c   Data           0  libspace.o(.bss)



==============================================================================

Memory Map of the image

  Image Entry point : 0x080000ed

  Load Region LR_IROM1 (Base: 0x08000000, Size: 0x0000561c, Max: 0x00010000, ABSOLUTE, COMPRESSED[0x00005538])

    Execution Region ER_IROM1 (Exec base: 0x08000000, Load base: 0x08000000, Size: 0x000054ec, Max: 0x00010000, ABSOLUTE)

    Exec Addr    Load Addr    Size         Type   Attr      Idx    E Section Name        Object

    0x08000000   0x08000000   0x000000ec   Data   RO            3    RESET               startup_stm32f103xb.o
    0x080000ec   0x080000ec   0x00000008   Code   RO         3825  * !!!main             c_w.l(__main.o)
    0x080000f4   0x080000f4   0x00000034   Code   RO         4374    !!!scatter          c_w.l(__scatter.o)
    0x08000128   0x08000128   0x0000005a   Code   RO         4372    !!dczerorl2         c_w.l(__dczerorl2.o)
    0x08000182   0x08000182   0x00000002   PAD
    0x08000184   0x08000184   0x0000001c   Code   RO         4376    !!handler_zi        c_w.l(__scatter_zi.o)
    0x080001a0   0x080001a0   0x00000000   Code   RO         4042    .ARM.Collect$$_printf_percent$$00000000  c_w.l(_printf_percent.o)
    0x080001a0   0x080001a0   0x00000006   Code   RO         4031    .ARM.Collect$$_printf_percent$$00000001  c_w.l(_printf_n.o)
    0x080001a6   0x080001a6   0x00000006   Code   RO         4033    .ARM.Collect$$_printf_percent$$00000002  c_w.l(_printf_p.o)
    0x080001ac   0x080001ac   0x00000006   Code   RO         4038    .ARM.Collect$$_printf_percent$$00000003  c_w.l(_printf_f.o)
    0x080001b2   0x080001b2   0x00000006   Code   RO         4039    .ARM.Collect$$_printf_percent$$00000004  c_w.l(_printf_e.o)
    0x080001b8   0x080001b8   0x00000006   Code   RO         4040    .ARM.Collect$$_printf_percent$$00000005  c_w.l(_printf_g.o)
    0x080001be   0x080001be   0x00000006   Code   RO         4041    .ARM.Collect$$_printf_percent$$00000006  c_w.l(_printf_a.o)
    0x080001c4   0x080001c4   0x0000000a   Code   RO         4046    .ARM.Collect$$_printf_percent$$00000007  c_w.l(_printf_ll.o)
    0x080001ce   0x080001ce   0x00000006   Code   RO         4035    .ARM.Collect$$_printf_percent$$00000008  c_w.l(_printf_i.o)
    0x080001d4   0x080001d4   0x00000006   Code   RO         4036    .ARM.Collect$$_printf_percent$$00000009  c_w.l(_printf_d.o)
    0x080001da   0x080001da   0x00000006   Code   RO         4037    .ARM.Collect$$_printf_percent$$0000000A  c_w.l(_printf_u.o)
    0x080001e0   0x080001e0   0x00000006   Code   RO         4034    .ARM.Collect$$_printf_percent$$0000000B  c_w.l(_printf_o.o)
    0x080001e6   0x080001e6   0x00000006   Code   RO         4032    .ARM.Collect$$_printf_percent$$0000000C  c_w.l(_printf_x.o)
    0x080001ec   0x080001ec   0x00000006   Code   RO         4043    .ARM.Collect$$_printf_percent$$0000000D  c_w.l(_printf_lli.o)
    0x080001f2   0x080001f2   0x00000006   Code   RO         4044    .ARM.Collect$$_printf_percent$$0000000E  c_w.l(_printf_lld.o)
    0x080001f8   0x080001f8   0x00000006   Code   RO         4045    .ARM.Collect$$_printf_percent$$0000000F  c_w.l(_printf_llu.o)
    0x080001fe   0x080001fe   0x00000006   Code   RO         4050    .ARM.Collect$$_printf_percent$$00000010  c_w.l(_printf_llo.o)
    0x08000204   0x08000204   0x00000006   Code   RO         4051    .ARM.Collect$$_printf_percent$$00000011  c_w.l(_printf_llx.o)
    0x0800020a   0x0800020a   0x0000000a   Code   RO         4047    .ARM.Collect$$_printf_percent$$00000012  c_w.l(_printf_l.o)
    0x08000214   0x08000214   0x00000006   Code   RO         4029    .ARM.Collect$$_printf_percent$$00000013  c_w.l(_printf_c.o)
    0x0800021a   0x0800021a   0x00000006   Code   RO         4030    .ARM.Collect$$_printf_percent$$00000014  c_w.l(_printf_s.o)
    0x08000220   0x08000220   0x00000006   Code   RO         4048    .ARM.Collect$$_printf_percent$$00000015  c_w.l(_printf_lc.o)
    0x08000226   0x08000226   0x00000006   Code   RO         4049    .ARM.Collect$$_printf_percent$$00000016  c_w.l(_printf_ls.o)
    0x0800022c   0x0800022c   0x00000004   Code   RO         4217    .ARM.Collect$$_printf_percent$$00000017  c_w.l(_printf_percent_end.o)
    0x08000230   0x08000230   0x00000002   Code   RO         4300    .ARM.Collect$$libinit$$00000000  c_w.l(libinit.o)
    0x08000232   0x08000232   0x00000000   Code   RO         4057    .ARM.Collect$$libinit$$00000002  c_w.l(libinit2.o)
    0x08000232   0x08000232   0x00000000   Code   RO         4059    .ARM.Collect$$libinit$$00000004  c_w.l(libinit2.o)
    0x08000232   0x08000232   0x00000008   Code   RO         4060    .ARM.Collect$$libinit$$00000005  c_w.l(libinit2.o)
    0x0800023a   0x0800023a   0x00000000   Code   RO         4062    .ARM.Collect$$libinit$$0000000A  c_w.l(libinit2.o)
    0x0800023a   0x0800023a   0x00000000   Code   RO         4064    .ARM.Collect$$libinit$$0000000C  c_w.l(libinit2.o)
    0x0800023a   0x0800023a   0x00000000   Code   RO         4066    .ARM.Collect$$libinit$$0000000E  c_w.l(libinit2.o)
    0x0800023a   0x0800023a   0x00000006   Code   RO         4067    .ARM.Collect$$libinit$$0000000F  c_w.l(libinit2.o)
    0x08000240   0x08000240   0x00000000   Code   RO         4069    .ARM.Collect$$libinit$$00000011  c_w.l(libinit2.o)
    0x08000240   0x08000240   0x0000000c   Code   RO         4070    .ARM.Collect$$libinit$$00000012  c_w.l(libinit2.o)
    0x0800024c   0x0800024c   0x00000000   Code   RO         4071    .ARM.Collect$$libinit$$00000013  c_w.l(libinit2.o)
    0x0800024c   0x0800024c   0x00000000   Code   RO         4073    .ARM.Collect$$libinit$$00000015  c_w.l(libinit2.o)
    0x0800024c   0x0800024c   0x0000000a   Code   RO         4074    .ARM.Collect$$libinit$$00000016  c_w.l(libinit2.o)
    0x08000256   0x08000256   0x00000000   Code   RO         4075    .ARM.Collect$$libinit$$00000017  c_w.l(libinit2.o)
    0x08000256   0x08000256   0x00000000   Code   RO         4077    .ARM.Collect$$libinit$$00000019  c_w.l(libinit2.o)
    0x08000256   0x08000256   0x00000000   Code   RO         4079    .ARM.Collect$$libinit$$0000001B  c_w.l(libinit2.o)
    0x08000256   0x08000256   0x00000000   Code   RO         4081    .ARM.Collect$$libinit$$0000001D  c_w.l(libinit2.o)
    0x08000256   0x08000256   0x00000000   Code   RO         4083    .ARM.Collect$$libinit$$0000001F  c_w.l(libinit2.o)
    0x08000256   0x08000256   0x00000000   Code   RO         4085    .ARM.Collect$$libinit$$00000021  c_w.l(libinit2.o)
    0x08000256   0x08000256   0x00000000   Code   RO         4087    .ARM.Collect$$libinit$$00000023  c_w.l(libinit2.o)
    0x08000256   0x08000256   0x00000000   Code   RO         4089    .ARM.Collect$$libinit$$00000025  c_w.l(libinit2.o)
    0x08000256   0x08000256   0x00000000   Code   RO         4093    .ARM.Collect$$libinit$$0000002C  c_w.l(libinit2.o)
    0x08000256   0x08000256   0x00000000   Code   RO         4095    .ARM.Collect$$libinit$$0000002E  c_w.l(libinit2.o)
    0x08000256   0x08000256   0x00000000   Code   RO         4097    .ARM.Collect$$libinit$$00000030  c_w.l(libinit2.o)
    0x08000256   0x08000256   0x00000000   Code   RO         4099    .ARM.Collect$$libinit$$00000032  c_w.l(libinit2.o)
    0x08000256   0x08000256   0x00000002   Code   RO         4100    .ARM.Collect$$libinit$$00000033  c_w.l(libinit2.o)
    0x08000258   0x08000258   0x00000002   Code   RO         4369    .ARM.Collect$$libshutdown$$00000000  c_w.l(libshutdown.o)
    0x0800025a   0x0800025a   0x00000000   Code   RO         4323    .ARM.Collect$$libshutdown$$00000002  c_w.l(libshutdown2.o)
    0x0800025a   0x0800025a   0x00000000   Code   RO         4325    .ARM.Collect$$libshutdown$$00000004  c_w.l(libshutdown2.o)
    0x0800025a   0x0800025a   0x00000000   Code   RO         4327    .ARM.Collect$$libshutdown$$00000006  c_w.l(libshutdown2.o)
    0x0800025a   0x0800025a   0x00000000   Code   RO         4330    .ARM.Collect$$libshutdown$$00000009  c_w.l(libshutdown2.o)
    0x0800025a   0x0800025a   0x00000000   Code   RO         4333    .ARM.Collect$$libshutdown$$0000000C  c_w.l(libshutdown2.o)
    0x0800025a   0x0800025a   0x00000000   Code   RO         4335    .ARM.Collect$$libshutdown$$0000000E  c_w.l(libshutdown2.o)
    0x0800025a   0x0800025a   0x00000000   Code   RO         4338    .ARM.Collect$$libshutdown$$00000011  c_w.l(libshutdown2.o)
    0x0800025a   0x0800025a   0x00000002   Code   RO         4339    .ARM.Collect$$libshutdown$$00000012  c_w.l(libshutdown2.o)
    0x0800025c   0x0800025c   0x00000000   Code   RO         3925    .ARM.Collect$$rtentry$$00000000  c_w.l(__rtentry.o)
    0x0800025c   0x0800025c   0x00000000   Code   RO         4175    .ARM.Collect$$rtentry$$00000002  c_w.l(__rtentry2.o)
    0x0800025c   0x0800025c   0x00000006   Code   RO         4187    .ARM.Collect$$rtentry$$00000004  c_w.l(__rtentry4.o)
    0x08000262   0x08000262   0x00000000   Code   RO         4177    .ARM.Collect$$rtentry$$00000009  c_w.l(__rtentry2.o)
    0x08000262   0x08000262   0x00000004   Code   RO         4178    .ARM.Collect$$rtentry$$0000000A  c_w.l(__rtentry2.o)
    0x08000266   0x08000266   0x00000000   Code   RO         4180    .ARM.Collect$$rtentry$$0000000C  c_w.l(__rtentry2.o)
    0x08000266   0x08000266   0x00000008   Code   RO         4181    .ARM.Collect$$rtentry$$0000000D  c_w.l(__rtentry2.o)
    0x0800026e   0x0800026e   0x00000002   Code   RO         4307    .ARM.Collect$$rtexit$$00000000  c_w.l(rtexit.o)
    0x08000270   0x08000270   0x00000000   Code   RO         4343    .ARM.Collect$$rtexit$$00000002  c_w.l(rtexit2.o)
    0x08000270   0x08000270   0x00000004   Code   RO         4344    .ARM.Collect$$rtexit$$00000003  c_w.l(rtexit2.o)
    0x08000274   0x08000274   0x00000006   Code   RO         4345    .ARM.Collect$$rtexit$$00000004  c_w.l(rtexit2.o)
    0x0800027a   0x0800027a   0x00000002   PAD
    0x0800027c   0x0800027c   0x00000000   Code   RO         4196    .emb_text           c_w.l(maybetermalloc1.o)
    0x0800027c   0x0800027c   0x00000040   Code   RO            4    .text               startup_stm32f103xb.o
    0x080002bc   0x080002bc   0x0000005e   Code   RO         3763    .text               c_w.l(h1_alloc.o)
    0x0800031a   0x0800031a   0x00000002   PAD
    0x0800031c   0x0800031c   0x00000034   Code   RO         3819    .text               c_w.l(vsnprintf.o)
    0x08000350   0x08000350   0x0000004e   Code   RO         3821    .text               c_w.l(rt_memclr_w.o)
    0x0800039e   0x0800039e   0x00000006   Code   RO         3823    .text               c_w.l(heapauxi.o)
    0x080003a4   0x080003a4   0x00000008   Code   RO         3929    .text               c_w.l(rt_heap_descriptor_intlibspace.o)
    0x080003ac   0x080003ac   0x00000004   Code   RO         3931    .text               c_w.l(hguard.o)
    0x080003b0   0x080003b0   0x0000008a   Code   RO         3933    .text               c_w.l(init_alloc.o)
    0x0800043a   0x0800043a   0x0000000e   Code   RO         3939    .text               c_w.l(h1_init.o)
    0x08000448   0x08000448   0x0000004e   Code   RO         3941    .text               c_w.l(h1_free.o)
    0x08000496   0x08000496   0x0000004e   Code   RO         3961    .text               c_w.l(_printf_pad.o)
    0x080004e4   0x080004e4   0x00000024   Code   RO         3963    .text               c_w.l(_printf_truncate.o)
    0x08000508   0x08000508   0x00000052   Code   RO         3965    .text               c_w.l(_printf_str.o)
    0x0800055a   0x0800055a   0x00000002   PAD
    0x0800055c   0x0800055c   0x00000078   Code   RO         3967    .text               c_w.l(_printf_dec.o)
    0x080005d4   0x080005d4   0x00000028   Code   RO         3969    .text               c_w.l(_printf_charcount.o)
    0x080005fc   0x080005fc   0x00000030   Code   RO         3971    .text               c_w.l(_printf_char_common.o)
    0x0800062c   0x0800062c   0x0000000a   Code   RO         3973    .text               c_w.l(_sputc.o)
    0x08000636   0x08000636   0x00000010   Code   RO         3975    .text               c_w.l(_snputc.o)
    0x08000646   0x08000646   0x00000002   PAD
    0x08000648   0x08000648   0x000000bc   Code   RO         3977    .text               c_w.l(_printf_wctomb.o)
    0x08000704   0x08000704   0x0000007c   Code   RO         3980    .text               c_w.l(_printf_longlong_dec.o)
    0x08000780   0x08000780   0x00000070   Code   RO         3986    .text               c_w.l(_printf_oct_int_ll.o)
    0x080007f0   0x080007f0   0x00000094   Code   RO         4006    .text               c_w.l(_printf_hex_int_ll_ptr.o)
    0x08000884   0x08000884   0x00000188   Code   RO         4026    .text               c_w.l(__printf_flags_ss_wp.o)
    0x08000a0c   0x08000a0c   0x00000008   Code   RO         4171    .text               c_w.l(libspace.o)
    0x08000a14   0x08000a14   0x00000034   Code   RO         4198    .text               c_w.l(h1_extend.o)
    0x08000a48   0x08000a48   0x0000008a   Code   RO         4202    .text               c_w.l(lludiv10.o)
    0x08000ad2   0x08000ad2   0x000000b2   Code   RO         4204    .text               c_w.l(_printf_intcommon.o)
    0x08000b84   0x08000b84   0x0000041e   Code   RO         4206    .text               c_w.l(_printf_fp_dec.o)
    0x08000fa2   0x08000fa2   0x00000002   PAD
    0x08000fa4   0x08000fa4   0x000002fc   Code   RO         4208    .text               c_w.l(_printf_fp_hex.o)
    0x080012a0   0x080012a0   0x0000002c   Code   RO         4213    .text               c_w.l(_printf_char.o)
    0x080012cc   0x080012cc   0x0000002c   Code   RO         4215    .text               c_w.l(_printf_wchar.o)
    0x080012f8   0x080012f8   0x00000040   Code   RO         4218    .text               c_w.l(_wcrtomb.o)
    0x08001338   0x08001338   0x0000000e   Code   RO         4220    .text               c_w.l(defsig_rtmem_outer.o)
    0x08001346   0x08001346   0x00000002   Code   RO         4239    .text               c_w.l(use_no_semi.o)
    0x08001348   0x08001348   0x00000000   Code   RO         4241    .text               c_w.l(indicate_semi.o)
    0x08001348   0x08001348   0x0000004a   Code   RO         4242    .text               c_w.l(sys_stackheap_outer.o)
    0x08001392   0x08001392   0x00000002   PAD
    0x08001394   0x08001394   0x00000010   Code   RO         4244    .text               c_w.l(rt_ctype_table.o)
    0x080013a4   0x080013a4   0x00000008   Code   RO         4251    .text               c_w.l(rt_locale_intlibspace.o)
    0x080013ac   0x080013ac   0x00000080   Code   RO         4255    .text               c_w.l(_printf_fp_infnan.o)
    0x0800142c   0x0800142c   0x000000e4   Code   RO         4257    .text               c_w.l(bigflt0.o)
    0x08001510   0x08001510   0x00000012   Code   RO         4285    .text               c_w.l(exit.o)
    0x08001522   0x08001522   0x0000000a   Code   RO         4287    .text               c_w.l(defsig_exit.o)
    0x0800152c   0x0800152c   0x00000050   Code   RO         4289    .text               c_w.l(defsig_rtmem_inner.o)
    0x0800157c   0x0800157c   0x0000000c   Code   RO         4305    .text               c_w.l(sys_exit.o)
    0x08001588   0x08001588   0x00000032   Code   RO         4318    .text               c_w.l(defsig_general.o)
    0x080015ba   0x080015ba   0x00000002   PAD
    0x080015bc   0x080015bc   0x00000080   Code   RO         4320    .text               c_w.l(strcmpv7m.o)
    0x0800163c   0x0800163c   0x0000000e   Code   RO         4340    .text               c_w.l(sys_wrch.o)
    0x0800164a   0x0800164a   0x0000003e   Code   RO         4260    CL$$btod_d2e        c_w.l(btod.o)
    0x08001688   0x08001688   0x00000046   Code   RO         4262    CL$$btod_d2e_denorm_low  c_w.l(btod.o)
    0x080016ce   0x080016ce   0x00000060   Code   RO         4261    CL$$btod_d2e_norm_op1  c_w.l(btod.o)
    0x0800172e   0x0800172e   0x00000338   Code   RO         4270    CL$$btod_div_common  c_w.l(btod.o)
    0x08001a66   0x08001a66   0x000000dc   Code   RO         4267    CL$$btod_e2e        c_w.l(btod.o)
    0x08001b42   0x08001b42   0x0000002a   Code   RO         4264    CL$$btod_ediv       c_w.l(btod.o)
    0x08001b6c   0x08001b6c   0x0000002a   Code   RO         4263    CL$$btod_emul       c_w.l(btod.o)
    0x08001b96   0x08001b96   0x00000244   Code   RO         4269    CL$$btod_mult_common  c_w.l(btod.o)
    0x08001dda   0x08001dda   0x00000022   Code   RO         3251    i.AddToFunctionTicker  menu_tool.o
    0x08001dfc   0x08001dfc   0x00000002   Code   RO         3429    i.AlwaysRun         menuconfig.o
    0x08001dfe   0x08001dfe   0x00000002   Code   RO          282    i.BusFault_Handler  stm32f1xx_it.o
    0x08001e00   0x08001e00   0x000000ec   Code   RO         3489    i.CharacterText     menufontshow.o
    0x08001eec   0x08001eec   0x0000013c   Code   RO         3490    i.CharacterTextC    menufontshow.o
    0x08002028   0x08002028   0x00000018   Code   RO         2997    i.ClearnBuff        menu.o
    0x08002040   0x08002040   0x00000010   Code   RO         3254    i.ClearnMemory      menu_tool.o
    0x08002050   0x08002050   0x0000002a   Code   RO         1119    i.DMA_SetConfig     stm32f1xx_hal_dma.o
    0x0800207a   0x0800207a   0x00000002   Code   RO          283    i.DebugMon_Handler  stm32f1xx_it.o
    0x0800207c   0x0800207c   0x00000022   Code   RO         2734    i.DrawFastVLine     graphicalfunctions.o
    0x0800209e   0x0800209e   0x0000009c   Code   RO         2735    i.DrawFillCircleHelper  graphicalfunctions.o
    0x0800213a   0x0800213a   0x00000028   Code   RO         2736    i.DrawFillRect      graphicalfunctions.o
    0x08002162   0x08002162   0x00000002   PAD
    0x08002164   0x08002164   0x000000ec   Code   RO         2998    i.DrawMenuRectangle  menu.o
    0x08002250   0x08002250   0x0000002c   Code   RO         2738    i.DrawPicture       graphicalfunctions.o
    0x0800227c   0x0800227c   0x00000062   Code   RO         2741    i.DrawfillRoundRect  graphicalfunctions.o
    0x080022de   0x080022de   0x00000004   Code   RO           13    i.Error_Handler     main.o
    0x080022e2   0x080022e2   0x00000002   PAD
    0x080022e4   0x080022e4   0x00000200   Code   RO         2742    i.FastDrawPic       graphicalfunctions.o
    0x080024e4   0x080024e4   0x00000022   Code   RO         2744    i.FastLineT         graphicalfunctions.o
    0x08002506   0x08002506   0x00000010   Code   RO         3002    i.FindMeunListHeard  menu.o
    0x08002516   0x08002516   0x00000016   Code   RO         3003    i.FindMeunListTail  menu.o
    0x0800252c   0x0800252c   0x00000030   Code   RO         3255    i.FunctionTickerRun  menu_tool.o
    0x0800255c   0x0800255c   0x0000001c   Code   RO         3257    i.GetKeyState       menu_tool.o
    0x08002578   0x08002578   0x00000070   Code   RO         1130    i.HAL_DMA_Start_IT  stm32f1xx_hal_dma.o
    0x080025e8   0x080025e8   0x00000024   Code   RO          746    i.HAL_Delay         stm32f1xx_hal.o
    0x0800260c   0x0800260c   0x000001e0   Code   RO         1056    i.HAL_GPIO_Init     stm32f1xx_hal_gpio.o
    0x080027ec   0x080027ec   0x0000000a   Code   RO         1060    i.HAL_GPIO_WritePin  stm32f1xx_hal_gpio.o
    0x080027f6   0x080027f6   0x00000002   PAD
    0x080027f8   0x080027f8   0x0000000c   Code   RO          750    i.HAL_GetTick       stm32f1xx_hal.o
    0x08002804   0x08002804   0x00000010   Code   RO          756    i.HAL_IncTick       stm32f1xx_hal.o
    0x08002814   0x08002814   0x00000024   Code   RO          757    i.HAL_Init          stm32f1xx_hal.o
    0x08002838   0x08002838   0x00000040   Code   RO          758    i.HAL_InitTick      stm32f1xx_hal.o
    0x08002878   0x08002878   0x0000003c   Code   RO          357    i.HAL_MspInit       stm32f1xx_hal_msp.o
    0x080028b4   0x080028b4   0x00000040   Code   RO         1222    i.HAL_NVIC_SetPriority  stm32f1xx_hal_cortex.o
    0x080028f4   0x080028f4   0x00000024   Code   RO         1223    i.HAL_NVIC_SetPriorityGrouping  stm32f1xx_hal_cortex.o
    0x08002918   0x08002918   0x0000012c   Code   RO          914    i.HAL_RCC_ClockConfig  stm32f1xx_hal_rcc.o
    0x08002a44   0x08002a44   0x0000004c   Code   RO          923    i.HAL_RCC_GetSysClockFreq  stm32f1xx_hal_rcc.o
    0x08002a90   0x08002a90   0x00000320   Code   RO          926    i.HAL_RCC_OscConfig  stm32f1xx_hal_rcc.o
    0x08002db0   0x08002db0   0x00000002   Code   RO          424    i.HAL_SPI_ErrorCallback  stm32f1xx_hal_spi.o
    0x08002db2   0x08002db2   0x000000b2   Code   RO          428    i.HAL_SPI_Init      stm32f1xx_hal_spi.o
    0x08002e64   0x08002e64   0x0000005c   Code   RO          176    i.HAL_SPI_MspInit   spi.o
    0x08002ec0   0x08002ec0   0x00000166   Code   RO          436    i.HAL_SPI_Transmit  stm32f1xx_hal_spi.o
    0x08003026   0x08003026   0x00000002   PAD
    0x08003028   0x08003028   0x000000cc   Code   RO          440    i.HAL_SPI_Transmit_DMA  stm32f1xx_hal_spi.o
    0x080030f4   0x080030f4   0x00000002   Code   RO          442    i.HAL_SPI_TxCpltCallback  stm32f1xx_hal_spi.o
    0x080030f6   0x080030f6   0x00000002   Code   RO          443    i.HAL_SPI_TxHalfCpltCallback  stm32f1xx_hal_spi.o
    0x080030f8   0x080030f8   0x00000028   Code   RO         1227    i.HAL_SYSTICK_Config  stm32f1xx_hal_cortex.o
    0x08003120   0x08003120   0x00000068   Code   RO         2441    i.HAL_TIMEx_MasterConfigSynchronization  stm32f1xx_hal_tim_ex.o
    0x08003188   0x08003188   0x0000005a   Code   RO         1718    i.HAL_TIM_Base_Init  stm32f1xx_hal_tim.o
    0x080031e2   0x080031e2   0x00000002   PAD
    0x080031e4   0x080031e4   0x00000028   Code   RO          218    i.HAL_TIM_Base_MspInit  tim.o
    0x0800320c   0x0800320c   0x00000058   Code   RO         1723    i.HAL_TIM_Base_Start_IT  stm32f1xx_hal_tim.o
    0x08003264   0x08003264   0x000000dc   Code   RO         1727    i.HAL_TIM_ConfigClockSource  stm32f1xx_hal_tim.o
    0x08003340   0x08003340   0x00000002   Code   RO          284    i.HardFault_Handler  stm32f1xx_it.o
    0x08003342   0x08003342   0x00000002   PAD
    0x08003344   0x08003344   0x0000003c   Code   RO         3258    i.KeyDisInit        menu_tool.o
    0x08003380   0x08003380   0x00000068   Code   RO         3004    i.KeyState          menu.o
    0x080033e8   0x080033e8   0x00000094   Code   RO          151    i.MX_GPIO_Init      gpio.o
    0x0800347c   0x0800347c   0x00000048   Code   RO          177    i.MX_SPI1_Init      spi.o
    0x080034c4   0x080034c4   0x00000068   Code   RO          220    i.MX_TIM1_Init      tim.o
    0x0800352c   0x0800352c   0x00000002   Code   RO          285    i.MemManage_Handler  stm32f1xx_it.o
    0x0800352e   0x0800352e   0x00000002   Code   RO         3430    i.MenuAlwaysRun_PH  menuconfig.o
    0x08003530   0x08003530   0x00000002   Code   RO         3431    i.MenuAlwaysRun_PL  menuconfig.o
    0x08003532   0x08003532   0x00000002   Code   RO         3432    i.MenuAlwaysRun_PM  menuconfig.o
    0x08003534   0x08003534   0x00000174   Code   RO         3492    i.MenuHZ16x16       menufontshow.o
    0x080036a8   0x080036a8   0x00000054   Code   RO         3433    i.MenuInit          menuconfig.o
    0x080036fc   0x080036fc   0x0000001e   Code   RO         3009    i.MenuListAddressing  menu.o
    0x0800371a   0x0800371a   0x00000018   Code   RO         3010    i.MenuListShowHead  menu.o
    0x08003732   0x08003732   0x0000001c   Code   RO         3011    i.MenuListShowTail  menu.o
    0x0800374e   0x0800374e   0x00000002   PAD
    0x08003750   0x08003750   0x0000001c   Code   RO         3012    i.MenuMalloc        menu.o
    0x0800376c   0x0800376c   0x00000018   Code   RO         3014    i.MenuRefresh       menu.o
    0x08003784   0x08003784   0x00000120   Code   RO         3015    i.MenuRun           menu.o
    0x080038a4   0x080038a4   0x00000036   Code   RO         3016    i.MenuSetPoint      menu.o
    0x080038da   0x080038da   0x00000002   PAD
    0x080038dc   0x080038dc   0x0000019c   Code   RO         3497    i.MenuShowAsc       menufontshow.o
    0x08003a78   0x08003a78   0x00000058   Code   RO         3498    i.MenuShowAscStr    menufontshow.o
    0x08003ad0   0x08003ad0   0x00000024   Code   RO         3017    i.MenuSysBaseInit   menu.o
    0x08003af4   0x08003af4   0x00000018   Code   RO         3263    i.MessageBroadcast  menu_tool.o
    0x08003b0c   0x08003b0c   0x00000002   Code   RO          286    i.NMI_Handler       stm32f1xx_it.o
    0x08003b0e   0x08003b0e   0x0000003c   Code   RO         3020    i.NextCancheMenuList  menu.o
    0x08003b4a   0x08003b4a   0x00000002   PAD
    0x08003b4c   0x08003b4c   0x00000160   Code   RO         3673    i.OLED_Init         oled.o
    0x08003cac   0x08003cac   0x0000002c   Code   RO         3674    i.OLED_Set_Pos      oled.o
    0x08003cd8   0x08003cd8   0x00000034   Code   RO         3675    i.OLED_WR_Byte      oled.o
    0x08003d0c   0x08003d0c   0x00000002   Code   RO          287    i.PendSV_Handler    stm32f1xx_it.o
    0x08003d0e   0x08003d0e   0x00000002   PAD
    0x08003d10   0x08003d10   0x000000a8   Code   RO         2750    i.PictureShow       graphicalfunctions.o
    0x08003db8   0x08003db8   0x0000001c   Code   RO         3502    i.RestFont          menufontshow.o
    0x08003dd4   0x08003dd4   0x00000022   Code   RO          456    i.SPI_DMAError      stm32f1xx_hal_spi.o
    0x08003df6   0x08003df6   0x0000000a   Code   RO          458    i.SPI_DMAHalfTransmitCplt  stm32f1xx_hal_spi.o
    0x08003e00   0x08003e00   0x00000064   Code   RO          462    i.SPI_DMATransmitCplt  stm32f1xx_hal_spi.o
    0x08003e64   0x08003e64   0x00000034   Code   RO          466    i.SPI_EndRxTxTransaction  stm32f1xx_hal_spi.o
    0x08003e98   0x08003e98   0x000000b8   Code   RO          471    i.SPI_WaitFlagStateUntilTimeout  stm32f1xx_hal_spi.o
    0x08003f50   0x08003f50   0x00000002   Code   RO          288    i.SVC_Handler       stm32f1xx_it.o
    0x08003f52   0x08003f52   0x00000002   PAD
    0x08003f54   0x08003f54   0x00000038   Code   RO         3268    i.SetFunctionTicker  menu_tool.o
    0x08003f8c   0x08003f8c   0x0000005e   Code   RO         3021    i.SetMenu           menu.o
    0x08003fea   0x08003fea   0x00000002   PAD
    0x08003fec   0x08003fec   0x0000015c   Code   RO         3023    i.SpecialFunctionRun  menu.o
    0x08004148   0x08004148   0x00000068   Code   RO         3024    i.StateToPointer    menu.o
    0x080041b0   0x080041b0   0x00000018   Code   RO         3025    i.StopKeyReceive    menu.o
    0x080041c8   0x080041c8   0x00000090   Code   RO         3511    i.StringDeal        menufontshow.o
    0x08004258   0x08004258   0x00000004   Code   RO          289    i.SysTick_Handler   stm32f1xx_it.o
    0x0800425c   0x0800425c   0x0000005e   Code   RO           14    i.SystemClock_Config  main.o
    0x080042ba   0x080042ba   0x00000002   Code   RO         2690    i.SystemInit        system_stm32f1xx.o
    0x080042bc   0x080042bc   0x00000078   Code   RO         1811    i.TIM_Base_SetConfig  stm32f1xx_hal_tim.o
    0x08004334   0x08004334   0x00000014   Code   RO         1822    i.TIM_ETR_SetConfig  stm32f1xx_hal_tim.o
    0x08004348   0x08004348   0x00000010   Code   RO         1823    i.TIM_ITRx_SetConfig  stm32f1xx_hal_tim.o
    0x08004358   0x08004358   0x00000022   Code   RO         1829    i.TIM_TI1_ConfigInputStage  stm32f1xx_hal_tim.o
    0x0800437a   0x0800437a   0x00000024   Code   RO         1831    i.TIM_TI2_ConfigInputStage  stm32f1xx_hal_tim.o
    0x0800439e   0x0800439e   0x00000122   Code   RO         3270    i.TandemLevel_PID   menu_tool.o
    0x080044c0   0x080044c0   0x00000002   Code   RO          290    i.UsageFault_Handler  stm32f1xx_it.o
    0x080044c2   0x080044c2   0x00000002   PAD
    0x080044c4   0x080044c4   0x00000040   Code   RO         2757    i.WritePoint        graphicalfunctions.o
    0x08004504   0x08004504   0x00000028   Code   RO         4235    i.__ARM_fpclassify  m_ws.l(fpclassify.o)
    0x0800452c   0x0800452c   0x00000020   Code   RO         1229    i.__NVIC_SetPriority  stm32f1xx_hal_cortex.o
    0x0800454c   0x0800454c   0x0000000e   Code   RO         4019    i._is_digit         c_w.l(__printf_wp.o)
    0x0800455a   0x0800455a   0x00000002   PAD
    0x0800455c   0x0800455c   0x00000014   Code   RO         3272    i.cushMes           menu_tool.o
    0x08004570   0x08004570   0x00000020   Code   RO         3273    i.cushMesBro        menu_tool.o
    0x08004590   0x08004590   0x00000040   Code   RO         3676    i.disp_flush        oled.o
    0x080045d0   0x080045d0   0x00000030   Code   RO         3028    i.inScreen          menu.o
    0x08004600   0x08004600   0x00000004   Code   RO         3729    i.loop              mymain.o
    0x08004604   0x08004604   0x00000044   Code   RO         3512    i.m_printf          menufontshow.o
    0x08004648   0x08004648   0x0000002c   Code   RO           15    i.main              main.o
    0x08004674   0x08004674   0x00000014   Code   RO         3434    i.menu_f            menuconfig.o
    0x08004688   0x08004688   0x00000010   Code   RO         3513    i.mystrlen          menufontshow.o
    0x08004698   0x08004698   0x0000003c   Code   RO         2761    i.read_point        graphicalfunctions.o
    0x080046d4   0x080046d4   0x00000020   Code   RO         3029    i.sMenuListInit     menu.o
    0x080046f4   0x080046f4   0x00000004   Code   RO         3730    i.setup             mymain.o
    0x080046f8   0x080046f8   0x00000038   Code   RO         2762    i.write_point       graphicalfunctions.o
    0x08004730   0x08004730   0x0000002c   Code   RO         4283    locale$$code        c_w.l(lc_numeric_c.o)
    0x0800475c   0x0800475c   0x0000002c   Code   RO         4314    locale$$code        c_w.l(lc_ctype_c.o)
    0x08004788   0x08004788   0x000000c4   Code   RO         3857    x$fpl$fadd          fz_ws.l(faddsub_clz.o)
    0x0800484c   0x0800484c   0x00000018   Code   RO         4115    x$fpl$fcmpinf       fz_ws.l(fcmpi.o)
    0x08004864   0x08004864   0x00000036   Code   RO         3867    x$fpl$ffix          fz_ws.l(ffix.o)
    0x0800489a   0x0800489a   0x00000002   PAD
    0x0800489c   0x0800489c   0x00000030   Code   RO         3876    x$fpl$fflt          fz_ws.l(fflt_clz.o)
    0x080048cc   0x080048cc   0x00000026   Code   RO         3875    x$fpl$ffltu         fz_ws.l(fflt_clz.o)
    0x080048f2   0x080048f2   0x00000002   PAD
    0x080048f4   0x080048f4   0x00000068   Code   RO         3881    x$fpl$fleqf         fz_ws.l(fleqf.o)
    0x0800495c   0x0800495c   0x00000102   Code   RO         3883    x$fpl$fmul          fz_ws.l(fmul.o)
    0x08004a5e   0x08004a5e   0x0000008c   Code   RO         4117    x$fpl$fnaninf       fz_ws.l(fnaninf.o)
    0x08004aea   0x08004aea   0x0000000a   Code   RO         4119    x$fpl$fretinf       fz_ws.l(fretinf.o)
    0x08004af4   0x08004af4   0x00000062   Code   RO         3885    x$fpl$frleqf        fz_ws.l(frleqf.o)
    0x08004b56   0x08004b56   0x00000002   PAD
    0x08004b58   0x08004b58   0x000000ea   Code   RO         3859    x$fpl$fsub          fz_ws.l(faddsub_clz.o)
    0x08004c42   0x08004c42   0x00000004   Code   RO         4121    x$fpl$printf1       fz_ws.l(printf1.o)
    0x08004c46   0x08004c46   0x00000004   Code   RO         4123    x$fpl$printf2       fz_ws.l(printf2.o)
    0x08004c4a   0x08004c4a   0x00000000   Code   RO         4129    x$fpl$usenofp       fz_ws.l(usenofp.o)
    0x08004c4a   0x08004c4a   0x00000012   Data   RO          927    .constdata          stm32f1xx_hal_rcc.o
    0x08004c5c   0x08004c5c   0x00000010   Data   RO         2691    .constdata          system_stm32f1xx.o
    0x08004c6c   0x08004c6c   0x000005f2   Data   RO         3710    .constdata          oledfont.o
    0x0800525e   0x0800525e   0x00000005   Data   RO         3712    .constdata          oledfont.o
    0x08005263   0x08005263   0x00000040   Data   RO         3713    .constdata          oledfont.o
    0x080052a3   0x080052a3   0x00000001   PAD
    0x080052a4   0x080052a4   0x00000008   Data   RO         3978    .constdata          c_w.l(_printf_wctomb.o)
    0x080052ac   0x080052ac   0x00000028   Data   RO         4007    .constdata          c_w.l(_printf_hex_int_ll_ptr.o)
    0x080052d4   0x080052d4   0x00000011   Data   RO         4027    .constdata          c_w.l(__printf_flags_ss_wp.o)
    0x080052e5   0x080052e5   0x00000026   Data   RO         4209    .constdata          c_w.l(_printf_fp_hex.o)
    0x0800530b   0x0800530b   0x00000001   PAD
    0x0800530c   0x0800530c   0x00000094   Data   RO         4258    .constdata          c_w.l(bigflt0.o)
    0x080053a0   0x080053a0   0x00000020   Data   RO         4370    Region$$Table       anon$$obj.o
    0x080053c0   0x080053c0   0x0000001c   Data   RO         4282    locale$$data        c_w.l(lc_numeric_c.o)
    0x080053dc   0x080053dc   0x00000110   Data   RO         4313    locale$$data        c_w.l(lc_ctype_c.o)


    Execution Region RW_IRAM1 (Exec base: 0x20000000, Load base: 0x080054ec, Size: 0x00000d90, Max: 0x00005000, ABSOLUTE, COMPRESSED[0x0000004c])

    Exec Addr    Load Addr    Size         Type   Attr      Idx    E Section Name        Object

    0x20000000   COMPRESSED   0x0000000c   Data   RW          764    .data               stm32f1xx_hal.o
    0x2000000c   COMPRESSED   0x00000004   Data   RW         2693    .data               system_stm32f1xx.o
    0x20000010   COMPRESSED   0x000000a0   Data   RW         3033    .data               menu.o
    0x200000b0   COMPRESSED   0x00000004   Data   RW         3277    .data               menu_tool.o
    0x200000b4   COMPRESSED   0x00000058   Data   RW         3278    .data               menu_tool.o
    0x2000010c   COMPRESSED   0x00000024   Data   RW         3516    .data               menufontshow.o
    0x20000130        -       0x00000058   Zero   RW          178    .bss                spi.o
    0x20000188        -       0x00000048   Zero   RW          221    .bss                tim.o
    0x200001d0        -       0x00000410   Zero   RW         3030    .bss                menu.o
    0x200005e0        -       0x00000034   Zero   RW         3435    .bss                menuconfig.o
    0x20000614        -       0x00000116   Zero   RW         3514    .bss                menufontshow.o
    0x2000072a   COMPRESSED   0x00000002   PAD
    0x2000072c        -       0x00000060   Zero   RW         4172    .bss                c_w.l(libspace.o)
    0x2000078c   COMPRESSED   0x00000004   PAD
    0x20000790        -       0x00000200   Zero   RW            2    HEAP                startup_stm32f103xb.o
    0x20000990        -       0x00000400   Zero   RW            1    STACK               startup_stm32f103xb.o


==============================================================================

Image component sizes


      Code (inc. data)   RO Data    RW Data    ZI Data      Debug   Object Name

       148         12          0          0          0        907   gpio.o
      1266         30          0          0          0      14623   graphicalfunctions.o
       142          6          0          0          0     425288   main.o
      1624         68          0        160       1040      17932   menu.o
       608         26          0         92          0      11521   menu_tool.o
       112         30          0          0         52       3399   menuconfig.o
      1680         72          0         36        278      14005   menufontshow.o
         8          0          0          0          0        767   mymain.o
       512         32          0          0          0       2825   oled.o
         0          0       1591          0          0        761   oledfont.o
       164         22          0          0         88       1605   spi.o
        64         26        236          0       1536        804   startup_stm32f103xb.o
       164         28          0         12          0       5837   stm32f1xx_hal.o
       172         14          0          0          0      28246   stm32f1xx_hal_cortex.o
       154          0          0          0          0       1955   stm32f1xx_hal_dma.o
       490         34          0          0          0       2868   stm32f1xx_hal_gpio.o
        60          8          0          0          0        854   stm32f1xx_hal_msp.o
      1176         60         18          0          0       3954   stm32f1xx_hal_rcc.o
      1126         18          0          0          0       8415   stm32f1xx_hal_spi.o
       624         24          0          0          0       6675   stm32f1xx_hal_tim.o
       104         12          0          0          0       1340   stm32f1xx_hal_tim_ex.o
        20          0          0          0          0       3794   stm32f1xx_it.o
         2          0         16          4          0       1095   system_stm32f1xx.o
       144         18          0          0         72       1638   tim.o

    ----------------------------------------------------------------------
     10590        540       1894        304       3068     561108   Object Totals
         0          0         32          0          0          0   (incl. Generated)
        26          0          1          0          2          0   (incl. Padding)

    ----------------------------------------------------------------------

      Code (inc. data)   RO Data    RW Data    ZI Data      Debug   Library Member Name

        90          0          0          0          0          0   __dczerorl2.o
         8          0          0          0          0         68   __main.o
       392          4         17          0          0         92   __printf_flags_ss_wp.o
        14          0          0          0          0         68   __printf_wp.o
         0          0          0          0          0          0   __rtentry.o
        12          0          0          0          0          0   __rtentry2.o
         6          0          0          0          0          0   __rtentry4.o
        52          8          0          0          0          0   __scatter.o
        28          0          0          0          0          0   __scatter_zi.o
         6          0          0          0          0          0   _printf_a.o
         6          0          0          0          0          0   _printf_c.o
        44          0          0          0          0        108   _printf_char.o
        48          6          0          0          0         96   _printf_char_common.o
        40          0          0          0          0         68   _printf_charcount.o
         6          0          0          0          0          0   _printf_d.o
       120         16          0          0          0         92   _printf_dec.o
         6          0          0          0          0          0   _printf_e.o
         6          0          0          0          0          0   _printf_f.o
      1054          0          0          0          0        216   _printf_fp_dec.o
       764          8         38          0          0        100   _printf_fp_hex.o
       128         16          0          0          0         84   _printf_fp_infnan.o
         6          0          0          0          0          0   _printf_g.o
       148          4         40          0          0        160   _printf_hex_int_ll_ptr.o
         6          0          0          0          0          0   _printf_i.o
       178          0          0          0          0         88   _printf_intcommon.o
        10          0          0          0          0          0   _printf_l.o
         6          0          0          0          0          0   _printf_lc.o
        10          0          0          0          0          0   _printf_ll.o
         6          0          0          0          0          0   _printf_lld.o
         6          0          0          0          0          0   _printf_lli.o
         6          0          0          0          0          0   _printf_llo.o
         6          0          0          0          0          0   _printf_llu.o
         6          0          0          0          0          0   _printf_llx.o
       124         16          0          0          0         92   _printf_longlong_dec.o
         6          0          0          0          0          0   _printf_ls.o
         6          0          0          0          0          0   _printf_n.o
         6          0          0          0          0          0   _printf_o.o
       112         10          0          0          0        124   _printf_oct_int_ll.o
         6          0          0          0          0          0   _printf_p.o
        78          0          0          0          0        108   _printf_pad.o
         0          0          0          0          0          0   _printf_percent.o
         4          0          0          0          0          0   _printf_percent_end.o
         6          0          0          0          0          0   _printf_s.o
        82          0          0          0          0         80   _printf_str.o
        36          0          0          0          0         84   _printf_truncate.o
         6          0          0          0          0          0   _printf_u.o
        44          0          0          0          0        108   _printf_wchar.o
       188          6          8          0          0         92   _printf_wctomb.o
         6          0          0          0          0          0   _printf_x.o
        16          0          0          0          0         68   _snputc.o
        10          0          0          0          0         68   _sputc.o
        64          0          0          0          0         92   _wcrtomb.o
       228          4        148          0          0         96   bigflt0.o
      1936        128          0          0          0        672   btod.o
        10          0          0          0          0         68   defsig_exit.o
        50          0          0          0          0         88   defsig_general.o
        80         58          0          0          0         76   defsig_rtmem_inner.o
        14          0          0          0          0         80   defsig_rtmem_outer.o
        18          0          0          0          0         80   exit.o
        94          0          0          0          0         80   h1_alloc.o
        52          0          0          0          0         68   h1_extend.o
        78          0          0          0          0         80   h1_free.o
        14          0          0          0          0         84   h1_init.o
         6          0          0          0          0        152   heapauxi.o
         4          0          0          0          0        136   hguard.o
         0          0          0          0          0          0   indicate_semi.o
       138          0          0          0          0        168   init_alloc.o
        44         10        272          0          0         76   lc_ctype_c.o
        44         10         28          0          0         76   lc_numeric_c.o
         2          0          0          0          0          0   libinit.o
        38          0          0          0          0          0   libinit2.o
         2          0          0          0          0          0   libshutdown.o
         2          0          0          0          0          0   libshutdown2.o
         8          4          0          0         96         68   libspace.o
       138          0          0          0          0         80   lludiv10.o
         0          0          0          0          0          0   maybetermalloc1.o
        16          4          0          0          0         76   rt_ctype_table.o
         8          4          0          0          0         68   rt_heap_descriptor_intlibspace.o
         8          4          0          0          0         68   rt_locale_intlibspace.o
        78          0          0          0          0         80   rt_memclr_w.o
         2          0          0          0          0          0   rtexit.o
        10          0          0          0          0          0   rtexit2.o
       128          0          0          0          0         68   strcmpv7m.o
        12          4          0          0          0         68   sys_exit.o
        74          0          0          0          0         80   sys_stackheap_outer.o
        14          0          0          0          0         76   sys_wrch.o
         2          0          0          0          0         68   use_no_semi.o
        52          4          0          0          0         80   vsnprintf.o
       430          8          0          0          0        168   faddsub_clz.o
        24          0          0          0          0         68   fcmpi.o
        54          4          0          0          0         84   ffix.o
        86          0          0          0          0        136   fflt_clz.o
       104          4          0          0          0         84   fleqf.o
       258          4          0          0          0         84   fmul.o
       140          4          0          0          0         84   fnaninf.o
        10          0          0          0          0         68   fretinf.o
        98          0          0          0          0         68   frleqf.o
         4          0          0          0          0         68   printf1.o
         4          0          0          0          0         68   printf2.o
         0          0          0          0          0          0   usenofp.o
        40          0          0          0          0         68   fpclassify.o

    ----------------------------------------------------------------------
      8704        352        552          0        100       6164   Library Totals
        24          0          1          0          4          0   (incl. Padding)

    ----------------------------------------------------------------------

      Code (inc. data)   RO Data    RW Data    ZI Data      Debug   Library Name

      7428        328        551          0         96       5116   c_w.l
      1212         24          0          0          0        980   fz_ws.l
        40          0          0          0          0         68   m_ws.l

    ----------------------------------------------------------------------
      8704        352        552          0        100       6164   Library Totals

    ----------------------------------------------------------------------

==============================================================================


      Code (inc. data)   RO Data    RW Data    ZI Data      Debug   

     19294        892       2446        304       3168     557856   Grand Totals
     19294        892       2446         76       3168     557856   ELF Image Totals (compressed)
     19294        892       2446         76          0          0   ROM Totals

==============================================================================

    Total RO  Size (Code + RO Data)                21740 (  21.23kB)
    Total RW  Size (RW Data + ZI Data)              3472 (   3.39kB)
    Total ROM Size (Code + RO Data + RW Data)      21816 (  21.30kB)

==============================================================================

