<html>
<body>
<pre>
<h1>µVision Build Log</h1>
<h2>Tool Versions:</h2>
IDE-Version: ¦ÌVision V5.39.0.0
Copyright (C) 2023 ARM Ltd and ARM Germany GmbH. All rights reserved.
License Information: 123 123, 123, LIC=8VRJ7-EY8XU-74MS0-BL01X-T55IH-WRT83
 
Tool Versions:
Toolchain:       MDK-ARM Plus  Version: 5.39.0.0
Toolchain Path:  D:\Keil_v5\Keil_v5\ARM\ARMCC\Bin
C Compiler:      Armcc.exe V5.06 update 7 (build 960)
Assembler:       Armasm.exe V5.06 update 7 (build 960)
Linker/Locator:  ArmLink.exe V5.06 update 7 (build 960)
Library Manager: ArmAr.exe V5.06 update 7 (build 960)
Hex Converter:   FromElf.exe V5.06 update 7 (build 960)
CPU DLL:         SARMCM3.DLL V5.39.0.0
Dialog DLL:      DCM.DLL V1.17.5.0
Target DLL:      STLink\ST-LINKIII-KEIL_SWO.dll V3.2.0.0
Dialog DLL:      TCM.DLL V1.56.4.0
 
<h2>Project:</h2>
D:\Users\zishen\Desktop\stm32_k210_test\src\MDK-ARM\k210_test.uvprojx
Project File Date:  06/24/2025

<h2>Output:</h2>
*** Using Compiler 'V5.06 update 7 (build 960)', folder: 'D:\Keil_v5\Keil_v5\ARM\ARMCC\Bin'
Build target 'k210_test'
compiling k210_check.c...
compiling Device_IIC.c...
..\myCode\IIC\Device_IIC.c(329): warning:  #546-D: transfer of control bypasses initialization of:
            variable "i"  (declared at line 348)
          goto ack_error;
          ^
..\myCode\IIC\Device_IIC.c(337): warning:  #546-D: transfer of control bypasses initialization of:
            variable "i"  (declared at line 348)
              goto ack_error;
              ^
..\myCode\IIC\Device_IIC.c(345): warning:  #546-D: transfer of control bypasses initialization of:
            variable "i"  (declared at line 348)
          goto ack_error;
          ^
..\myCode\IIC\Device_IIC.c: 3 warnings, 0 errors
compiling myMain.c...
compiling menuconfig.c...
..\myCode\multi_level_menu\menuconfig.c(49): warning:  #167-D: argument of type "const char *" is incompatible with parameter of type "const uint8_t *"
  		FontInfoType *font = StringDeal(str);
..\myCode\multi_level_menu\menuconfig.c(78): warning:  #167-D: argument of type "const char *" is incompatible with parameter of type "const uint8_t *"
  		FontInfoType *font = StringDeal(title_str);
..\myCode\multi_level_menu\menuconfig.c: 2 warnings, 0 errors
compiling IIC_Port.c...
linking...
Program Size: Code=18540 RO-data=1936 RW-data=328 ZI-data=3352  
FromELF: creating hex file...
"k210_test\k210_test.axf" - 0 Error(s), 5 Warning(s).

<h2>Software Packages used:</h2>

Package Vendor: ARM
                http://www.keil.com/pack/ARM.CMSIS.5.9.0.pack
                ARM::CMSIS@5.9.0
                CMSIS (Common Microcontroller Software Interface Standard)
   * Component: CORE Version: 5.6.0

Package Vendor: Keil
                https://www.keil.com/pack/Keil.STM32F1xx_DFP.2.4.1.pack
                Keil::STM32F1xx_DFP@2.4.1
                STMicroelectronics STM32F1 Series Device Support, Drivers and Examples

<h2>Collection of Component include folders:</h2>
  ./RTE/_k210_test
  D:/Keil_v5/Arm/Packs/ARM/CMSIS/5.9.0/CMSIS/Core/Include
  D:/Keil_v5/Arm/Packs/Keil/STM32F1xx_DFP/2.4.1/Device/Include

<h2>Collection of Component Files used:</h2>

   * Component: ARM::CMSIS:CORE@5.6.0
      Include file:  CMSIS/Core/Include/tz_context.h
Build Time Elapsed:  00:00:02
</pre>
</body>
</html>
